###############################################################################
#
# IAR ELF Linker V7.80.4.12462/W32 for ARM                17/Sep/2022  13:52:15
# Copyright 2007-2017 IAR Systems AB.
#
#    Output file  =  KKHumanBody.out
#    Map file     =  
#        D:/simplicity studio5/s5/KKHumanBody/IAR ARM - Default/KKHumanBody.map
#    Command line =  
#        "D:/simplicity
#        studio5/s5/developer/sdks/gecko_sdk_suite/v3.1//protocol/zigbee/build/cbke-163k1-stub-library-cortexm3-iar-efr32mg21-rail/cbke-163k1-stub-library.a"
#        "D:/simplicity
#        studio5/s5/developer/sdks/gecko_sdk_suite/v3.1//protocol/zigbee/build/source-route-stub-library-cortexm3-iar-efr32mg21-rail/source-route-stub-library.a"
#        "D:/simplicity
#        studio5/s5/developer/sdks/gecko_sdk_suite/v3.1//protocol/zigbee/build/cbke-library-dsa-sign-stub-cortexm3-iar-efr32mg21-rail/cbke-library-dsa-sign-stub.a"
#        "D:/simplicity
#        studio5/s5/developer/sdks/gecko_sdk_suite/v3.1//protocol/zigbee/build/binding-table-library-cortexm3-iar-efr32mg21-rail/binding-table-library.a"
#        "D:/simplicity
#        studio5/s5/developer/sdks/gecko_sdk_suite/v3.1//protocol/zigbee/build/security-library-link-keys-stub-cortexm3-iar-efr32mg21-rail/security-library-link-keys-stub.a"
#        "D:/simplicity
#        studio5/s5/developer/sdks/gecko_sdk_suite/v3.1//protocol/zigbee/build/packet-validate-library-cortexm3-iar-efr32mg21-rail/packet-validate-library.a"
#        "D:/simplicity
#        studio5/s5/developer/sdks/gecko_sdk_suite/v3.1//protocol/zigbee/build/zigbee-pro-stack-cortexm3-iar-efr32mg21-rail/zigbee-pro-stack.a"
#        "D:/simplicity
#        studio5/s5/developer/sdks/gecko_sdk_suite/v3.1//protocol/zigbee/build/gp-stub-library-cortexm3-iar-efr32mg21-rail/gp-stub-library.a"
#        "D:/simplicity
#        studio5/s5/developer/sdks/gecko_sdk_suite/v3.1//protocol/zigbee/build/sim-eeprom2-to-nvm3-upgrade-stub-library-cortexm3-iar-efr32mg21-rail/sim-eeprom2-to-nvm3-upgrade-stub-library.a"
#        "D:/simplicity
#        studio5/s5/developer/sdks/gecko_sdk_suite/v3.1//platform/emdrv/nvm3/lib/libnvm3_CM33_iar.a"
#        "D:/simplicity
#        studio5/s5/developer/sdks/gecko_sdk_suite/v3.1//protocol/zigbee/build/multi-pan-stub-library-cortexm3-iar-efr32mg21-rail/multi-pan-stub-library.a"
#        "D:/simplicity
#        studio5/s5/developer/sdks/gecko_sdk_suite/v3.1//protocol/zigbee/build/multi-network-stub-library-cortexm3-iar-efr32mg21-rail/multi-network-stub-library.a"
#        "D:/simplicity
#        studio5/s5/developer/sdks/gecko_sdk_suite/v3.1//platform/radio/rail_lib/autogen/librail_release/librail_efr32xg21_iar_release.a"
#        "D:/simplicity
#        studio5/s5/developer/sdks/gecko_sdk_suite/v3.1//protocol/zigbee/build/zll-stub-library-cortexm3-iar-efr32mg21-rail/zll-stub-library.a"
#        "D:/simplicity
#        studio5/s5/developer/sdks/gecko_sdk_suite/v3.1//protocol/zigbee/build/hal-library-cortexm3-iar-efr32mg21-rail/hal-library.a"
#        "D:/simplicity
#        studio5/s5/developer/sdks/gecko_sdk_suite/v3.1//protocol/zigbee/build/cbke-library-dsa-verify-283k1-stub-cortexm3-iar-efr32mg21-rail/cbke-library-dsa-verify-283k1-stub.a"
#        "D:/simplicity
#        studio5/s5/developer/sdks/gecko_sdk_suite/v3.1//protocol/zigbee/build/end-device-bind-stub-library-cortexm3-iar-efr32mg21-rail/end-device-bind-stub-library.a"
#        "D:/simplicity
#        studio5/s5/developer/sdks/gecko_sdk_suite/v3.1//protocol/zigbee/build/cbke-283k1-stub-library-cortexm3-iar-efr32mg21-rail/cbke-283k1-stub-library.a"
#        "D:/simplicity
#        studio5/s5/developer/sdks/gecko_sdk_suite/v3.1//protocol/zigbee/build/debug-extended-stub-library-cortexm3-iar-efr32mg21-rail/debug-extended-stub-library.a"
#        "D:/simplicity
#        studio5/s5/developer/sdks/gecko_sdk_suite/v3.1//protocol/zigbee/build/debug-basic-stub-library-cortexm3-iar-efr32mg21-rail/debug-basic-stub-library.a"
#        "D:/simplicity
#        studio5/s5/developer/sdks/gecko_sdk_suite/v3.1//protocol/zigbee/build/mfglib-library-cortexm3-iar-efr32mg21-rail/mfglib-library.a"
#        "D:/simplicity
#        studio5/s5/developer/sdks/gecko_sdk_suite/v3.1//protocol/zigbee/build/cbke-library-dsa-verify-stub-cortexm3-iar-efr32mg21-rail/cbke-library-dsa-verify-stub.a"
#        "D:/simplicity
#        studio5/s5/developer/sdks/gecko_sdk_suite/v3.1//protocol/zigbee/build/cbke-stub-library-cortexm3-iar-efr32mg21-rail/cbke-stub-library.a"
#        "D:/simplicity
#        studio5/s5/developer/sdks/gecko_sdk_suite/v3.1//protocol/zigbee/build/install-code-library-cortexm3-iar-efr32mg21-rail/install-code-library.a"
#        "D:/simplicity
#        studio5/s5/developer/sdks/gecko_sdk_suite/v3.1//protocol/zigbee/build/zigbee-r22-support-stub-library-cortexm3-iar-efr32mg21-rail/zigbee-r22-support-stub-library.a"
#        ./zcl-framework-core/af-event.o ./zcl-framework-core/af-main-common.o
#        ./zcl-framework-core/af-main-soc.o ./zcl-framework-core/af-node.o
#        ./zcl-framework-core/af-security-common.o
#        ./zcl-framework-core/af-trust-center.o
#        ./zcl-framework-core/attribute-size.o
#        ./zcl-framework-core/attribute-storage.o
#        ./zcl-framework-core/attribute-table.o
#        ./zcl-framework-core/client-api.o ./zcl-framework-core/core-cli.o
#        ./zcl-framework-core/crypto-state.o ./zcl-framework-core/message.o
#        ./zcl-framework-core/multi-network.o
#        ./zcl-framework-core/network-cli.o ./zcl-framework-core/option-cli.o
#        ./zcl-framework-core/plugin-cli.o
#        ./zcl-framework-core/print-formatter.o ./zcl-framework-core/print.o
#        ./zcl-framework-core/process-cluster-message.o
#        ./zcl-framework-core/process-global-message.o
#        ./zcl-framework-core/security-cli.o
#        ./zcl-framework-core/service-discovery-common.o
#        ./zcl-framework-core/service-discovery-soc.o
#        ./zcl-framework-core/time-util.o ./zcl-framework-core/util.o
#        ./zcl-framework-core/zcl-cli.o ./zcl-framework-core/zdo-cli.o
#        ./update-tc-link-key/update-tc-link-key-cli.o
#        ./update-tc-link-key/update-tc-link-key.o
#        ./strong-random/strong-random-api.o ./simple-main/simple-main.o
#        ./serial/EFR32/serial.o ./serial/com.o ./scan-dispatch/scan-dispatch.o
#        ./reporting/reporting-cli.o
#        ./reporting/reporting-default-configuration.o ./reporting/reporting.o
#        ./packet-handoff/packet-handoff.o
#        ./ota-storage-simple-eeprom/ota-storage-eeprom-page-erase.o
#        ./ota-storage-simple-eeprom/ota-storage-eeprom-read-modify-write.o
#        ./ota-storage-simple-eeprom/ota-storage-eeprom.o
#        ./ota-storage-simple/ota-storage-simple.o
#        ./ota-storage-common/ota-storage-common-cli.o
#        ./ota-storage-common/ota-storage-common.o ./ota-common/ota-common.o
#        ./ota-client-policy/ota-client-policy.o ./ota-client/ota-client-cli.o
#        ./ota-client/ota-client-page-request.o
#        ./ota-client/ota-client-signature-verify.o ./ota-client/ota-client.o
#        ./ota-bootload/ota-bootload-cli.o ./ota-bootload/ota-bootload-soc.o
#        ./nvm3/EFR32/nvm3_default.o ./nvm3/EFR32/nvm3_hal_flash.o
#        ./nvm3/nvm3_lock.o ./network-steering/network-steering-cli.o
#        ./network-steering/network-steering-soc.o
#        ./network-steering/network-steering-v2.o
#        ./network-steering/network-steering.o ./mbedtls/EFR32/aes.o
#        ./mbedtls/EFR32/aes_aes.o ./mbedtls/EFR32/asn1parse.o
#        ./mbedtls/EFR32/asn1write.o ./mbedtls/EFR32/base64.o
#        ./mbedtls/EFR32/bignum.o ./mbedtls/EFR32/ccm.o
#        ./mbedtls/EFR32/chacha20.o ./mbedtls/EFR32/chachapoly.o
#        ./mbedtls/EFR32/cipher.o ./mbedtls/EFR32/cipher_wrap.o
#        ./mbedtls/EFR32/cmac.o ./mbedtls/EFR32/crypto_aes.o
#        ./mbedtls/EFR32/crypto_ecp.o ./mbedtls/EFR32/crypto_gcm.o
#        ./mbedtls/EFR32/crypto_management.o ./mbedtls/EFR32/cryptoacc_aes.o
#        ./mbedtls/EFR32/cryptoacc_ccm.o ./mbedtls/EFR32/cryptoacc_gcm.o
#        ./mbedtls/EFR32/cryptoacc_management.o ./mbedtls/EFR32/ctr_drbg.o
#        ./mbedtls/EFR32/des.o ./mbedtls/EFR32/ecdh.o ./mbedtls/EFR32/ecdsa.o
#        ./mbedtls/EFR32/ecjpake.o ./mbedtls/EFR32/ecp.o
#        ./mbedtls/EFR32/ecp_curves.o ./mbedtls/EFR32/entropy.o
#        ./mbedtls/EFR32/error.o ./mbedtls/EFR32/gcm.o
#        ./mbedtls/EFR32/mbedtls_cmac.o ./mbedtls/EFR32/mbedtls_ecdsa_ecdh.o
#        ./mbedtls/EFR32/mbedtls_sha.o ./mbedtls/EFR32/md.o
#        ./mbedtls/EFR32/md5.o ./mbedtls/EFR32/oid.o ./mbedtls/EFR32/pem.o
#        ./mbedtls/EFR32/pk.o ./mbedtls/EFR32/pk_wrap.o
#        ./mbedtls/EFR32/pkparse.o ./mbedtls/EFR32/platform_util.o
#        ./mbedtls/EFR32/poly1305.o ./mbedtls/EFR32/psa_crypto.o
#        ./mbedtls/EFR32/psa_crypto_driver_wrappers.o
#        ./mbedtls/EFR32/psa_crypto_slot_management.o
#        ./mbedtls/EFR32/psa_crypto_storage.o ./mbedtls/EFR32/rsa.o
#        ./mbedtls/EFR32/rsa_internal.o ./mbedtls/EFR32/se_aes.o
#        ./mbedtls/EFR32/se_ccm.o ./mbedtls/EFR32/se_gcm.o
#        ./mbedtls/EFR32/se_jpake.o ./mbedtls/EFR32/sha1.o
#        ./mbedtls/EFR32/sha256.o ./mbedtls/EFR32/sha512.o
#        ./mbedtls/EFR32/sl_entropy.o ./mbedtls/EFR32/sl_mbedtls.o
#        ./mbedtls/EFR32/sl_psa_its_nvm3.o ./mbedtls/EFR32/sl_se_management.o
#        ./mbedtls/EFR32/sl_se_manager.o
#        ./mbedtls/EFR32/sl_se_manager_attestation.o
#        ./mbedtls/EFR32/sl_se_manager_cipher.o
#        ./mbedtls/EFR32/sl_se_manager_entropy.o
#        ./mbedtls/EFR32/sl_se_manager_hash.o
#        ./mbedtls/EFR32/sl_se_manager_key_derivation.o
#        ./mbedtls/EFR32/sl_se_manager_key_handling.o
#        ./mbedtls/EFR32/sl_se_manager_signature.o
#        ./mbedtls/EFR32/sl_se_manager_util.o
#        ./mbedtls/EFR32/sli_crypto_transparent_driver_aead.o
#        ./mbedtls/EFR32/sli_crypto_transparent_driver_cipher.o
#        ./mbedtls/EFR32/sli_crypto_transparent_driver_hash.o
#        ./mbedtls/EFR32/sli_crypto_transparent_driver_mac.o
#        ./mbedtls/EFR32/sli_cryptoacc_transparent_driver_aead.o
#        ./mbedtls/EFR32/sli_cryptoacc_transparent_driver_cipher.o
#        ./mbedtls/EFR32/sli_cryptoacc_transparent_driver_hash.o
#        ./mbedtls/EFR32/sli_cryptoacc_transparent_driver_key_derivation.o
#        ./mbedtls/EFR32/sli_cryptoacc_transparent_driver_key_management.o
#        ./mbedtls/EFR32/sli_cryptoacc_transparent_driver_mac.o
#        ./mbedtls/EFR32/sli_cryptoacc_transparent_driver_signature.o
#        ./mbedtls/EFR32/sli_protocol_crypto_crypto.o
#        ./mbedtls/EFR32/sli_protocol_crypto_radioaes.o
#        ./mbedtls/EFR32/sli_psa_driver_init.o
#        ./mbedtls/EFR32/sli_radioaes_management.o
#        ./mbedtls/EFR32/sli_se_driver_aead.o
#        ./mbedtls/EFR32/sli_se_driver_builtin_keys.o
#        ./mbedtls/EFR32/sli_se_driver_cipher.o
#        ./mbedtls/EFR32/sli_se_driver_key_derivation.o
#        ./mbedtls/EFR32/sli_se_driver_key_management.o
#        ./mbedtls/EFR32/sli_se_driver_mac.o
#        ./mbedtls/EFR32/sli_se_driver_signature.o
#        ./mbedtls/EFR32/sli_se_opaque_driver_aead.o
#        ./mbedtls/EFR32/sli_se_opaque_driver_cipher.o
#        ./mbedtls/EFR32/sli_se_opaque_driver_mac.o
#        ./mbedtls/EFR32/sli_se_opaque_key_derivation.o
#        ./mbedtls/EFR32/sli_se_transparent_driver_aead.o
#        ./mbedtls/EFR32/sli_se_transparent_driver_cipher.o
#        ./mbedtls/EFR32/sli_se_transparent_driver_hash.o
#        ./mbedtls/EFR32/sli_se_transparent_driver_mac.o
#        ./mbedtls/EFR32/sli_se_transparent_key_derivation.o
#        ./mbedtls/EFR32/ssl_cache.o ./mbedtls/EFR32/ssl_ciphersuites.o
#        ./mbedtls/EFR32/ssl_cli.o ./mbedtls/EFR32/ssl_cookie.o
#        ./mbedtls/EFR32/ssl_msg.o ./mbedtls/EFR32/ssl_srv.o
#        ./mbedtls/EFR32/ssl_ticket.o ./mbedtls/EFR32/ssl_tls.o
#        ./mbedtls/EFR32/threading.o ./mbedtls/EFR32/x509.o
#        ./mbedtls/EFR32/x509_create.o ./mbedtls/EFR32/x509_crl.o
#        ./mbedtls/EFR32/x509_crt.o ./mbedtls/EFR32/x509_csr.o
#        ./mbedtls/EFR32/x509write_crt.o ./mbedtls/EFR32/x509write_csr.o
#        ./idle-sleep/idle-sleep-cli.o ./idle-sleep/idle-sleep-soc.o
#        ./idle-sleep/idle-sleep.o ./identify/identify-cli.o
#        ./identify/identify.o ./ias-zone-server/ias-zone-server-cli.o
#        ./ias-zone-server/ias-zone-server.o ./heartbeat/heartbeat.o
#        ./hal-library/EFR32_2/sl_hfxo_manager.o
#        ./hal-library/EFR32_2/sl_hfxo_manager_hal_s2.o
#        ./hal-library/EFR32/hal-config-gpio.o ./hal-library/EFR32/hal-config.o
#        ./hal-library/EFR32/sl_mpu.o ./hal-library/EFR32/sl_power_manager.o
#        ./hal-library/EFR32/sl_power_manager_debug.o
#        ./hal-library/EFR32/sl_power_manager_hal_s0_s1.o
#        ./hal-library/EFR32/sl_power_manager_hal_s2.o
#        ./hal-library/EFR32/sl_slist.o
#        ./generic-interrupt-control/EFR32/generic-interrupt-control-efr32.o
#        ./form-and-join/form-and-join-afv2.o
#        ./form-and-join/form-and-join-node-adapter.o
#        ./form-and-join/form-and-join.o
#        ./external-generated-files/bootloader-interface-app.o
#        ./external-generated-files/bootloader-interface.o
#        ./external-generated-files/btl_interface.o
#        ./external-generated-files/btl_interface_storage.o ./emlib/em_adc.o
#        ./emlib/em_cmu.o ./emlib/em_core.o ./emlib/em_cryotimer.o
#        ./emlib/em_emu.o ./emlib/em_eusart.o ./emlib/em_gpio.o
#        ./emlib/em_i2c.o ./emlib/em_ldma.o ./emlib/em_leuart.o
#        ./emlib/em_msc.o ./emlib/em_prs.o ./emlib/em_rmu.o ./emlib/em_rtcc.o
#        ./emlib/em_se.o ./emlib/em_system.o ./emlib/em_timer.o
#        ./emlib/em_usart.o ./emlib/em_wdog.o ./emlib/system_efr32mg21.o
#        ./emdrv/dmadrv.o ./emdrv/gpiointerrupt.o ./emdrv/sl_sleeptimer.o
#        ./emdrv/sl_sleeptimer_hal_rtcc.o ./emdrv/tempdrv.o ./emdrv/uartdrv.o
#        ./emdrv/ustimer.o ./ember-minimal-printf/ember-printf.o
#        ./efr32/assert-crash-handlers.o ./efr32/button.o
#        ./efr32/buzzer-efr32.o ./efr32/cstartup-common.o ./efr32/diagnostic.o
#        ./efr32/ext-device.o ./efr32/faults-v7m.o ./efr32/isr-stubs.o
#        ./efr32/led.o ./efr32/mfg-token.o ./efr32/micro-common.o
#        ./efr32/micro.o ./efr32/sleep-efm32.o ./efr32/token.o
#        ./eeprom/eeprom-afv2.o ./eeprom/eeprom-cli.o ./eeprom/eeprom.o
#        ./diagnostic-server/diagnostic-server-soc.o ./counters/counters-cli.o
#        ./counters/counters-ota.o ./counters/counters-soc.o
#        ./coexistence-stub/EFR32/coexistence-802154.o
#        ./coexistence-stub/EFR32/coulomb-counter-802154.o
#        ./ccm-encryption/ccm-star.o ./basic/basic.o
#        ./antenna-stub/antenna-stub.o ./address-table/address-table-cli.o
#        ./address-table/address-table.o ./00ikonke-app/tools/SEGGER_RTT.o
#        ./00ikonke-app/tools/SEGGER_RTT_ASM_ARMv7M.o
#        ./00ikonke-app/tools/SEGGER_RTT_Syscalls_IAR.o
#        ./00ikonke-app/tools/SEGGER_RTT_printf.o
#        ./00ikonke-app/tools/ikk-rtt.o ./00ikonke-app/general/ikk-cluster.o
#        ./00ikonke-app/general/ikk-command.o
#        ./00ikonke-app/general/ikk-common-utils.o
#        ./00ikonke-app/general/ikk-factory-test.o
#        ./00ikonke-app/general/ikk-network.o
#        ./00ikonke-app/general/ikk-opt-tunnel.o
#        ./00ikonke-app/general/ikk-ota.o ./00ikonke-app/general/ikk-sequence.o
#        ./00ikonke-app/general/ikk-tick-handler.o
#        ./00ikonke-app/driver/ikk-adc.o ./00ikonke-app/driver/ikk-button.o
#        ./00ikonke-app/driver/ikk-led.o ./00ikonke-app/driver/ikk-pwm.o
#        ./00ikonke-app/driver/ikk-relay.o ./00ikonke-app/driver/ikk-timer.o
#        ./00ikonke-app/driver/ikk-uart.o ./00ikonke-app/ikk-p824m.o
#        ./00ikonke-app/ikk-user.o ./KKTemplateCodeProject_callbacks.o
#        ./call-command-handler.o ./callback-stub.o ./command-interpreter2.o
#        ./crc.o ./ember-base-configuration.o ./ember-configuration.o
#        ./endian.o ./library.o ./mem-util.o ./random.o
#        ./security-address-cache.o ./stack-handler-stub.o ./token-def.o
#        ./zigbee-device-common.o ./zigbee-device-library.o
#        ./znet-bookkeeping.o ./znet-cli.o -o KKHumanBody.out --config
#        "D:/simplicity
#        studio5/s5/developer/sdks/gecko_sdk_suite/v3.1//platform/base/hal/micro/cortexm3/efm32/iar-cfg.icf"
#        --config_def LOCAL_STORAGE_BTL=1 --config_def FLASH_SIZE=786432
#        --config_def RAM_SIZE=65536 --config_def SIMEEPROM_SIZE=65536
#        --config_def LOCKBITS_IN_MAINFLASH_SIZE=8192 --config_def
#        EMBER_MALLOC_HEAP_SIZE=0 --config_def HEADER_SIZE=512 --config_def
#        PSSTORE_SIZE=0 --config_def LONGTOKEN_SIZE=0 --config_def
#        BTL_SIZE=16384 --no_wrap_diagnostics --entry __iar_program_start --map
#        "D:/simplicity studio5/s5/KKHumanBody/IAR ARM -
#        Default/KKHumanBody.map" --log_file "D:/simplicity
#        studio5/s5/KKHumanBody/IAR ARM - Default/KKHumanBody.log" --log
#        initialization,modules,sections,veneers --diag_suppress=Lp012
#        --redirect _Printf=_PrintfSmallNoMb --redirect _Scanf=_ScanfFullNoMb
#
###############################################################################

*******************************************************************************
*** MESSAGES
***

Warning[Lt009]: Inconsistent wchar_t size
            af-event.o and 311 other objects have wchar_t size 16 bits
            event-control.o(zigbee-pro-stack.a) and 148 other objects have wchar_t size 32 bits


*******************************************************************************
*** RUNTIME MODEL ATTRIBUTES
***

CppFlavor       = *
__SystemLibrary = DLib
__dlib_version  = 6


*******************************************************************************
*** PLACEMENT SUMMARY
***

"BAT": place at 0x00000000 { section BAT };
"HEADERS":
       place at start of [0x00004000-0x000041ff] { block HEADER_block };
"APP ro":
       place at start of [0x00004200-0x000bffff] { block APPRO_block };
"SIMEE&LOCKBITS":
       place at end of [0x00004200-0x000bffff] {
          zi section SIMEE, zi section INTERNAL_STORAGE, zi section LONGTOKEN,
          zi section PSSTORE, zi section LOCKBITS_IN_MAINFLASH };
"ResetHeap":
       place at start of [0x20000000-0x2000ffef] { block RESETHEAP };
"Guard":
       place in [from 0x20000000 to 0x2000ffef] { rw section GUARD_REGION };
"APP rw":
       place at end of [0x20000000-0x2000ffef] { block APPRW_block };
do not initialize {
   rw section .noinitlegacy, rw section .noinitnew, rw section CSTACK,
   rw section RESETINFO, rw section EMHEAP, zi section SIMEE,
   zi section INTERNAL_STORAGE, zi section LONGTOKEN, zi section PSSTORE,
   zi section LOCKBITS_IN_MAINFLASH };
initialize by copy { rw };

  Section                 Kind        Address     Size  Object
  -------                 ----        -------     ----  ------
"BAT":                                            0x54
  BAT                     uninit   0x00000000     0x54  cstartup-common.o [14]
                                 - 0x00000054     0x54

"HEADERS":                                        0xac
  HEADER_block                     0x00004000     0xac  <Block>
    AAT                   const    0x00004000     0xac  cstartup-common.o [14]
                                 - 0x000040ac     0xac

"APP ro":                                      0x3c19c
  APPRO_block                      0x00004200  0x3c19c  <Block>
    .intvec               const    0x00004200    0x134  startup_efr32mg21.o [60]
    Initializer bytes     const    0x00004334    0x135  <for .textrw-1>
    .text                          0x0000446c  0x344a2  <Block>
      .text               ro code  0x0000446c    0x186  af-event.o [46]
      .text               ro code  0x000045f2      0x2  zigbee-stack.o [73]
      .text               ro code  0x000045f4     0x5c  multi-network.o [46]
      .text               ro code  0x00004650    0x17c  scan-dispatch.o [40]
      .text               ro code  0x000047cc    0x25c  event-control.o [73]
      .text               ro code  0x00004a28     0x10  crypto-state.o [46]
      .text               ro code  0x00004a38    0xc70  attribute-storage.o [46]
      .text               ro code  0x000056a8    0x352  zigbee-scan.o [73]
      .text               ro code  0x000059fa      0xc  em_core.o [17]
      .text               ro code  0x00005a06      0x6  em_core.o [17]
      .text               ro code  0x00005a0c    0x12c  system-timer.o [60]
      .text               ro code  0x00005b38    0x1ec  assert-crash-handlers.o [14]
      .text               ro code  0x00005d24     0x1a  em_core.o [17]
      .text               ro code  0x00005d3e     0x3e  ember-configuration.o [1]
      .text               ro code  0x00005d7c      0x8  em_core.o [17]
      .text               ro code  0x00005d84     0xe2  callback-stub.o [1]
      .text               ro code  0x00005e66      0x2  zigbee-stack.o [73]
      .text               ro code  0x00005e68    0x860  util.o [46]
      .text               ro code  0x000066c8      0x6  ABImemclr.o [69]
      .text               ro code  0x000066ce      0x2  zigbee-stack.o [73]
      .text               ro code  0x000066d0     0x78  ABImemmove_unaligned.o [69]
      .text               ro code  0x00006748     0x62  znet-bookkeeping.o [1]
      .text               ro code  0x000067aa      0x2  zigbee-stack.o [73]
      .text               ro code  0x000067ac    0x2d0  ember-multi-network-stub.o [66]
      .text               ro code  0x00006a7c     0x94  micro-common.o [14]
      .text               ro code  0x00006b10    0x2f0  token.o [14]
      .text               ro code  0x00006e00    0x3fc  attribute-table.o [46]
      .text               ro code  0x000071fc    0x82c  buffer-management.o [73]
      .text               ro code  0x00007a28     0x2a  zll-stubs.o [75]
      .text               ro code  0x00007a52      0x2  zigbee-stack.o [73]
      .text               ro code  0x00007a54    0x3fc  mac-command.o [73]
      .text               ro code  0x00007e50   0x1858  association.o [73]
      .text               ro code  0x000096a8    0x578  af-main-soc.o [46]
      .text               ro code  0x00009c20    0x49c  scan.o [73]
      .text               ro code  0x0000a0bc    0xa28  beacon-handling.o [73]
      .text               ro code  0x0000aae4    0xa2c  upper-mac.o [73]
      .text               ro code  0x0000b510      0x2  symbol-timer.o [73]
      .text               ro code  0x0000b512      0x2  zigbee-stack.o [73]
      .text               ro code  0x0000b514    0x5a4  sl_sleeptimer.o [16]
      .text               ro code  0x0000bab8    0x264  ustimer.o [16]
      .text               ro code  0x0000bd1c    0x1c4  sleep-efm32.o [14]
      .text               ro code  0x0000bee0      0x8  em_core.o [17]
      .text               ro code  0x0000bee8      0x6  debug-stub.o [55]
      .text               ro code  0x0000beee      0x2  zigbee-stack.o [73]
      .text               ro code  0x0000bef0     0xe8  serial.o [42]
      .text               ro code  0x0000bfd8     0x4c  micro-internal.o [60]
      .text               ro code  0x0000c024     0x66  ABImemset.o [69]
      .text               ro code  0x0000c08a      0x2  zigbee-stack.o [73]
      .text               ro code  0x0000c08c    0x24c  client-api.o [46]
      .text               ro code  0x0000c2d8    0x354  eeprom.o [13]
      .text               ro code  0x0000c62c    0xaa0  reporting.o [39]
      .text               ro code  0x0000d0cc     0x3e  idle-sleep-soc.o [26]
      .text               ro code  0x0000d10a      0x2  startup_efr32mg21.o [60]
      .text               ro code  0x0000d10c    0x15c  counters-soc.o [11]
      .text               ro code  0x0000d268    0x258  ember-stack-common.o [73]
      .text               ro code  0x0000d4c0     0x74  print.o [46]
      .text               ro code  0x0000d534     0x60  process-cluster-message.o [46]
      .text               ro code  0x0000d594    0x4c4  process-global-message.o [46]
      .text               ro code  0x0000da58    0x158  message.o [46]
      .text               ro code  0x0000dbb0      0x6  ABImemclr4.o [69]
      .text               ro code  0x0000dbb6      0x2  startup_efr32mg21.o [60]
      .text               ro code  0x0000dbb8    0x730  af-main-common.o [46]
      .text               ro code  0x0000e2e8      0x8  time-util.o [46]
      .text               ro code  0x0000e2f0     0x40  print-formatter.o [46]
      .text               ro code  0x0000e330    0x404  address-table.o [73]
      .text               ro code  0x0000e734    0x4e0  binding-table.o [48]
      .text               ro code  0x0000ec14     0x76  ABImemcpy_unaligned.o [69]
      .text               ro code  0x0000ec8a      0x2  startup_efr32mg21.o [60]
      .text               ro code  0x0000ec8c   0x28c2  ikk-user.o [2]
      .text               ro code  0x0001154e      0x2  startup_efr32mg21.o [60]
      .text               ro code  0x00011550     0x20  heartbeat.o [23]
      .text               ro code  0x00011570      0xe  form-and-join-afv2.o [19]
      .text               ro code  0x0001157e      0x2  startup_efr32mg21.o [60]
      .text               ro code  0x00011580     0x64  network-steering-soc.o [28]
      .text               ro code  0x000115e4    0x5c8  ikk-cluster.o [4]
      .text               ro code  0x00011bac    0x100  update-tc-link-key.o [45]
      .text               ro code  0x00011cac     0x50  random.o [1]
      .text               ro code  0x00011cfc     0xa6  multi-pan-stub.o [67]
      .text               ro code  0x00011da2      0x2  startup_efr32mg21.o [60]
      .text               ro code  0x00011da4    0x550  mac-child.o [73]
      .text               ro code  0x000122f4    0x23c  zigbee-neighbor.o [73]
      .text               ro code  0x00012530      0x4  faults-v7m.o [14]
      .text               ro code  0x00012534    0x78c  em_cmu.o [17]
      .text               ro code  0x00012cc0     0xaa  em_wdog.o [17]
      .text               ro code  0x00012d6a      0x4  sim-eeprom2-to-nvm3-upgrade-stub.o [71]
      .text               ro code  0x00012d70   0x1c86  nvm3.o [62]
      .text               ro code  0x000149f8    0x236  mfg-token.o [14]
      .text               ro code  0x00014c2e      0x6  ember-base-configuration.o [1]
      .text               ro code  0x00014c34     0x6c  attribute-size.o [46]
      .text               ro code  0x00014ca0     0x42  strcmp_unaligned.o [69]
      .text               ro code  0x00014ce4    0x18e  buffer-queue.o [73]
      .text               ro code  0x00014e72    0x22e  mac-packet-header.o [73]
      .text               ro code  0x000150a0     0x32  enhanced-beacon-request-stub.o [74]
      .text               ro code  0x000150d4    0x3e4  child-handling.o [73]
      .text               ro code  0x000154b8   0x1b78  network.o [73]
      .text               ro code  0x00017030    0x958  zigbee-device-util.o [73]
      .text               ro code  0x00017988    0x188  token-cache.o [73]
      .text               ro code  0x00017b10    0x3b4  management.o [73]
      .text               ro code  0x00017ec4    0x496  leave.o [73]
      .text               ro code  0x0001835a      0x6  debug-extended-stub.o [56]
      .text               ro code  0x00018360    0x4f0  zigbee-stack.o [73]
      .text               ro code  0x00018850    0x42c  random-id.o [73]
      .text               ro code  0x00018c7c    0xf90  aps-security.o [73]
      .text               ro code  0x00019c0c    0x858  child.o [73]
      .text               ro code  0x0001a464      0xe  zdo-r22-stub.o [74]
      .text               ro code  0x0001a474    0x128  command.o [73]
      .text               ro code  0x0001a59c    0x210  child-aging.o [73]
      .text               ro code  0x0001a7ac      0x8  ember-multi-phy-stub.o [73]
      .text               ro code  0x0001a7b4      0xc  mac-header.o [73]
      .text               ro code  0x0001a7c0      0x8  mac-header.o [73]
      .text               ro code  0x0001a7c8    0x680  zigbee-packet-header.o [73]
      .text               ro code  0x0001ae48    0x6fc  indirect-queue.o [73]
      .text               ro code  0x0001b544    0x32e  retry.o [73]
      .text               ro code  0x0001b874    0x9b0  neighbor.o [73]
      .text               ro code  0x0001c224    0x6b4  trust-center-util.o [73]
      .text               ro code  0x0001c8d8     0x62  memcmp_unaligned.o [69]
      .text               ro code  0x0001c93c     0xb0  mac-flat-header.o [73]
      .text               ro code  0x0001c9ec     0x34  mac-info-element-parsing-stub.o [74]
      .text               ro code  0x0001ca20      0x8  packet-handoff.o [38]
      .text               ro code  0x0001ca28    0x280  mac-dispatch.o [73]
      .text               ro code  0x0001cca8    0x250  zigbee-upper-mac.o [73]
      .text               ro code  0x0001cef8   0x13aa  lower-mac-rail-802.15.4.o [73]
      .text               ro code  0x0001e2a4    0x790  aps-keys.o [73]
      .text               ro code  0x0001ea34     0x14  gp-stub.o [59]
      .text               ro code  0x0001ea48    0x5a4  micro.o [14]
      .text               ro code  0x0001efec     0xa4  cstartup-common.o [14]
      .text               ro code  0x0001f090    0x39c  diagnostic.o [14]
      .text               ro code  0x0001f42c     0x9c  security-address-cache.o [1]
      .text               ro code  0x0001f4c8    0x6ae  command-interpreter2.o [1]
      .text               ro code  0x0001fb78    0xb6c  application-support.o [73]
      .text               ro code  0x000206e4     0xf8  zigbee-dispatch.o [73]
      .text               ro code  0x000207dc    0x290  legacy-packet-buffer.o [73]
      .text               ro code  0x00020a6c    0x164  aes-mmo.o [73]
      .text               ro code  0x00020bd0     0x58  source-route-stub.o [72]
      .text               ro code  0x00020c28    0x33a  form-and-join.o [19]
      .text               ro code  0x00020f64     0x8c  multi-network.o [73]
      .text               ro code  0x00020ff0    0x3bc  mac-header.o [73]
      .text               ro code  0x000213ac    0x19e  sl_sleeptimer_hal_rtcc.o [16]
      .text               ro code  0x0002154c     0xee  I64DivMod.o [69]
      .text               ro code  0x0002163c     0x1e  U64Shr.o [69]
      .text               ro code  0x0002165c    0x1c6  em_timer.o [17]
      .text               ro code  0x00021824    0x3b0  sl_power_manager.o [21]
      .text               ro code  0x00021bd4    0x9c8  com.o [41]
      .text               ro code  0x0002259c     0x84  em_emu.o [17]
      .text               ro code  0x00022620     0x44  em_core.o [17]
      .text               ro code  0x00022664      0x4  em_core.o [17]
      .text               ro code  0x00022668    0x2b6  ember-printf.o [15]
      .text               ro code  0x00022920    0x18c  bootloader-interface-app.o [18]
      .text               ro code  0x00022aac     0x3a  ABImemset48.o [69]
      .text               ro code  0x00022ae8    0x104  reporting-default-configuration.o [39]
      .text               ro code  0x00022bec     0xd0  idle-sleep.o [26]
      .text               ro code  0x00022cbc     0x10  strong-random-api.o [44]
      .text               ro code  0x00022ccc    0xd04  ota-client.o [32]
      .text               ro code  0x000239d0    0x132  call-command-handler.o [1]
      .text               ro code  0x00023b04   0x1044  ikk-network.o [4]
      .text               ro code  0x00024b48    0x18c  zigbee-device-library.o [1]
      .text               ro code  0x00024cd4     0xaa  diagnostic-server-soc.o [12]
      .text               ro code  0x00024d80    0x444  service-discovery-common.o [46]
      .text               ro code  0x000251c4    0x5fc  network-steering.o [28]
      .text               ro code  0x000257c0    0x3fc  ias-zone-server.o [24]
      .text               ro code  0x00025bbc    0xa64  aps-retry.o [73]
      .text               ro code  0x00026620    0x2c8  ikk-rtt.o [5]
      .text               ro code  0x000268e8    0xa0c  ikk-opt-tunnel.o [4]
      .text               ro code  0x000272f4    0x954  ikk-factory-test.o [4]
      .text               ro code  0x00027c48    0x584  ikk-uart.o [3]
      .text               ro code  0x000281cc    0x312  ota-storage-simple.o [36]
      .text               ro code  0x000284e0    0x138  ikk-ota.o [4]
      .text               ro code  0x00028618    0x36c  ikk-led.o [3]
      .text               ro code  0x00028984     0x36  strlen.o [69]
      .text               ro code  0x000289bc    0x450  ikk-adc.o [3]
      .text               ro code  0x00028e0c    0x39c  ikk-command.o [4]
      .text               ro code  0x000291a8     0x26  crc.o [1]
      .text               ro code  0x000291d0    0x1d0  mfglib.o [65]
      .text               ro code  0x000293a0     0x3c  ikk-p824m.o [2]
      .text               ro code  0x000293dc      0x4  led.o [14]
      .text               ro code  0x000293e0     0x54  form-and-join-node-adapter.o [19]
      .text               ro code  0x00029434    0x2cc  ikk-common-utils.o [4]
      .text               ro code  0x00029700     0x70  faults-v7m.o [14]
      .text               ro code  0x00029770    0x144  system_efr32mg21.o [17]
      .text               ro code  0x000298b4    0x242  nvm3_page.o [62]
      .text               ro code  0x00029af8    0x1ba  nvm3_object.o [62]
      .text               ro code  0x00029cb4    0x242  nvm3_cache.o [62]
      .text               ro code  0x00029ef6     0x3e  nvm3_utils.o [62]
      .text               ro code  0x00029f34     0x10  nvm3_lock.o [29]
      .text               ro code  0x00029f44      0xc  nvm3_lock.o [29]
      .text               ro code  0x00029f50      0x2  nvm3_lock.o [29]
      .text               ro code  0x00029f52     0x18  sl_se_management.o [27]
      .text               ro code  0x00029f6c    0x11c  em_se.o [17]
      Veneer              ro code  0x0002a088      0x8  - Linker created -
      .text               ro code  0x0002a090     0x68  flash.o [60]
      .text               ro code  0x0002a0f8    0x5cc  route-table.o [73]
      .text               ro code  0x0002a6c4    0x254  broadcast.o [73]
      .text               ro code  0x0002a918     0xa0  unicast-table.o [73]
      .text               ro code  0x0002a9b8    0x456  crypto.o [73]
      .text               ro code  0x0002ae10    0x248  store-forward.o [73]
      .text               ro code  0x0002b058    0x5e4  aps-encryption.o [73]
      .text               ro code  0x0002b63c    0x358  jit.o [73]
      .text               ro code  0x0002b994    0x832  route-discovery.o [73]
      .text               ro code  0x0002c1c8    0x118  zigbee-mac-header.o [73]
      .text               ro code  0x0002c2e0    0x2d0  packet-validate.o [68]
      .text               ro code  0x0002c5b0    0x17c  route-error.o [73]
      .text               ro code  0x0002c72c    0x428  neighbor-exchange.o [73]
      .text               ro code  0x0002cb54    0xb3c  zigbee-device.o [73]
      .text               ro code  0x0002d690      0x8  end-device-bind-stub.o [58]
      .text               ro code  0x0002d698     0x54  af-trust-center.o [46]
      .text               ro code  0x0002d6ec      0x4  debug-platform-stub.o [55]
      .text               ro code  0x0002d6f0     0x94  ember-library.o [73]
      .text               ro code  0x0002d784    0x48a  rail_rf.o [63]
      .text               ro code  0x0002dc10     0x18  eui64.o [73]
      .text               ro code  0x0002dc28     0x12  phy-util.o [73]
      .text               ro code  0x0002dc3c    0x126  multi-pan-common.o [67]
      .text               ro code  0x0002dd62      0x6  cbke-crypto-engine-163k1-stub.o [49]
      .text               ro code  0x0002dd68      0x6  cbke-crypto-engine-283k1-stub.o [50]
      .text               ro code  0x0002dd6e      0xe  cbke-crypto-engine-stub.o [54]
      .text               ro code  0x0002dd7c     0x58  micro-common-internal.o [60]
      .text               ro code  0x0002ddd4     0x6c  install-code-tokens.o [61]
      .text               ro code  0x0002de40    0x548  aps-keys-transient.o [73]
      .text               ro code  0x0002e388     0x62  hmac.o [73]
      .text               ro code  0x0002e3ea     0x12  aps-keys-full-stub.o [70]
      .text               ro code  0x0002e3fc     0x88  aes-efm32.o [73]
      .text               ro code  0x0002e484      0x2  ember-duty-cycle-stub.o [73]
      .text               ro code  0x0002e488     0x22  I64Shl.o [69]
      .text               ro code  0x0002e4aa     0x10  coexistence-802154.o [10]
      .text               ro code  0x0002e4bc    0x18c  rail_singleprotocol.o [63]
      .text               ro code  0x0002e648     0xe0  hal-config.o [21]
      .text               ro code  0x0002e728     0xd0  rail_tx.o [63]
      .text               ro code  0x0002e7f8    0x194  rail_ieee802154.o [63]
      .text               ro code  0x0002e98c     0xe4  rail_data.o [63]
      .text               ro code  0x0002ea70     0x96  rail_calibration.o [63]
      .text               ro code  0x0002eb06      0x8  rail_timer.o [63]
      .text               ro code  0x0002eb10     0x34  antenna-stub.o [7]
      .text               ro code  0x0002eb44     0xb0  rail_autoack.o [63]
      .text               ro code  0x0002ebf4     0x3a  rail_rx.o [63]
      .text               ro code  0x0002ec2e     0x1c  rail_rssi.o [63]
      .text               ro code  0x0002ec4c     0x70  security-config-mfg.o [73]
      .text               ro code  0x0002ecbc     0xf8  sl_mpu.o [21]
      .text               ro code  0x0002edb4     0x1c  em_system.o [17]
      .text               ro code  0x0002edd0     0xde  sl_hfxo_manager.o [22]
      .text               ro code  0x0002eeb0    0x1a0  tempdrv.o [16]
      .text               ro code  0x0002f050    0x2d0  rail_power_manager.o [63]
      .text               ro code  0x0002f320     0x1c  pa_conversions_efr32.o [63]
      .text               ro code  0x0002f33c     0x1c  em_rmu.o [17]
      .text               ro code  0x0002f358     0x1c  core-cli.o [46]
      .text               ro code  0x0002f374      0x4  cbke-crypto-engine-dsa-sign-stub.o [51]
      .text               ro code  0x0002f378     0xe4  em_rtcc.o [17]
      .text               ro code  0x0002f45c      0x2  I64DivZer.o [69]
      .text               ro code  0x0002f45e      0x8  em_core.o [17]
      .text               ro code  0x0002f466      0x6  em_core.o [17]
      .text               ro code  0x0002f46c     0x10  sl_slist.o [21]
      .text               ro code  0x0002f47c    0x208  sl_power_manager_hal_s2.o [21]
      .text               ro code  0x0002f684      0x4  sl_power_manager.o [21]
      .text               ro code  0x0002f688    0xcc4  uartdrv.o [16]
      .text               ro code  0x0003034c    0x284  em_usart.o [17]
      .text               ro code  0x000305d0    0x140  em_gpio.o [17]
      .text               ro code  0x00030710     0x40  btl_interface.o [18]
      .text               ro code  0x00030750     0x9e  ota-client-policy.o [33]
      .text               ro code  0x000307ee     0x20  ota-client-page-request.o [32]
      .text               ro code  0x00030810     0xda  ota-common.o [34]
      .text               ro code  0x000308ec    0x2d0  ota-storage-eeprom-page-erase.o [37]
      .text               ro code  0x00030bbc    0x248  ota-storage-eeprom.o [37]
      .text               ro code  0x00030e04    0x19c  ota-storage-common.o [35]
      .text               ro code  0x00030fa0      0x4  ota-client-signature-verify.o [32]
      .text               ro code  0x00030fa4     0x28  basic.o [8]
      .text               ro code  0x00030fcc    0x124  identify.o [25]
      .text               ro code  0x000310f0     0x38  ikk-tick-handler.o [4]
      .text               ro code  0x00031128    0x450  ikk-button.o [3]
      .text               ro code  0x00031578     0x1c  zigbee-device-common.o [1]
      .text               ro code  0x00031594     0x5c  service-discovery-soc.o [46]
      .text               ro code  0x000315f0      0x2  af-security-common.o [46]
      .text               ro code  0x000315f4    0x31a  SEGGER_RTT.o [5]
      .text               ro code  0x00031910    0x13c  zcl-cli.o [46]
      .text               ro code  0x00031a4c     0xec  ikk-pwm.o [3]
      .text               ro code  0x00031b38      0xc  tolower.o [57]
      .text               ro code  0x00031b44     0x20  srand.o [57]
      .text               ro code  0x00031b64     0xe0  rand.o [57]
      .text               ro code  0x00031c44      0xc  sl_se_manager.o [27]
      .text               ro code  0x00031c50     0x2c  em_msc.o [17]
      .text               ro code  0x00031c7c    0x1c4  ccm-star.o [9]
      .text               ro code  0x00031e40    0x1c4  zdo-binding-table.o [48]
      .text               ro code  0x00032004    0x3e4  zdo-channel.o [73]
      .text               ro code  0x000323e8     0x28  rfhal_module.o [63]
      .text               ro code  0x00032410   0x177c  rail_rf_hal.o [63]
      .text               ro code  0x00033b8c     0x18  rail_assert.o [63]
      .text               ro code  0x00033ba4     0xd4  pa_conversions_efr32.o [63]
      .text               ro code  0x00033c78     0xc8  rfhal_antenna.o [63]
      .text               ro code  0x00033d40    0x104  se_aes.o [27]
      .text               ro code  0x00033e44     0xb4  pa_conversions_efr32.o [63]
      .text               ro code  0x00033ef8    0x228  rail_ieee802154_rf_hal.o [63]
      .text               ro code  0x00034120     0xe8  rfhal_ircal.o [63]
      .text               ro code  0x00034208      0x4  faults-v7m.o [14]
      .text               ro code  0x0003420c    0x284  sl_hfxo_manager_hal_s2.o [22]
      .text               ro code  0x00034490    0x418  dmadrv.o [16]
      .text               ro code  0x000348a8     0xc0  gpiointerrupt.o [16]
      .text               ro code  0x00034968     0x4c  em_core.o [17]
      .text               ro code  0x000349b4      0x4  eeprom-afv2.o [13]
      .text               ro code  0x000349b8     0x18  ota-bootload-soc.o [31]
      .text               ro code  0x000349d0    0x1cc  ikk-relay.o [3]
      .text               ro code  0x00034b9c      0x2  xtls.o [57]
      .text               ro code  0x00034ba0    0x264  rfhal_timings.o [63]
      .text               ro code  0x00034e04     0x12  rail_ble_rf_hal.o [63]
      .text               ro code  0x00034e18    0x5fc  rfhal_radio.o [63]
      .text               ro code  0x00035414    0xfc0  generic_phy.o [63]
      .text               ro code  0x000363d4    0x7cc  rfhal_pa.o [63]
      .text               ro code  0x00036ba0    0x650  rfhal_bufc.o [63]
      .text               ro code  0x000371f0    0x54e  rfhal_protimer.o [63]
      .text               ro code  0x00037740     0x34  rfhal_tempcal.o [63]
      .text               ro code  0x00037774    0x3b8  rfhal_synth.o [63]
      .text               ro code  0x00037b2c    0x124  rfhal_rand.o [63]
      .text               ro code  0x00037c50    0x168  rfhal_rtccsync.o [63]
      .text               ro code  0x00037db8    0x188  em_ldma.o [17]
      .text               ro code  0x00037f40    0x180  ikk-timer.o [3]
      .text               ro code  0x000380c0     0x54  seq_globals.o [63]
      .text               ro code  0x00038114      0x4  rail_mfm_rf_hal.o [63]
      .text               ro code  0x00038118    0x10c  rfhal_pti.o [63]
      .text               ro code  0x00038224     0x18  rfhal_rtccsync.o [63]
      .text               ro code  0x0003823c     0x1c  I32ToDbl.o [64]
      .text               ro code  0x00038258    0x256  DblDiv.o [64]
      .text               ro code  0x000384b0    0x1a2  DblMul.o [64]
      .text               ro code  0x00038654     0x2c  DblToI32.o [64]
      Veneer              ro code  0x00038680      0x8  - Linker created -
      .text               ro code  0x00038688     0xf8  nvm3_hal_flash.o [30]
      .text               ro code  0x00038780      0x4  faults-v7m.o [14]
      .text               ro code  0x00038784      0x4  faults-v7m.o [14]
      .text               ro code  0x00038788      0x4  faults-v7m.o [14]
      .text               ro code  0x0003878c      0x4  faults-v7m.o [14]
      .text               ro code  0x00038790      0x4  faults-v7m.o [14]
      .text               ro code  0x00038794      0x4  isr-stubs.o [14]
      .text               ro code  0x00038798     0x22  fpinit_M.o [64]
      .text               ro code  0x000387bc     0x1a  cmain.o [69]
      .text               ro code  0x000387d6      0x4  low_level_init.o [57]
      .text               ro code  0x000387dc     0x28  data_init.o [69]
      .text               ro code  0x00038804     0x16  simple-main.o [43]
      .text               ro code  0x0003881a      0x4  exit.o [57]
      .text               ro code  0x0003881e      0x4  sl_mbedtls.o [27]
      .text               ro code  0x00038824      0xa  cexit.o [69]
      .text               ro code  0x00038830      0xc  XXexit.o [69]
      .text               ro code  0x0003883c      0xe  startup_efr32mg21.o [60]
      .text               ro code  0x0003884a      0xc  cstartup_M.o [69]
      .text               ro code  0x00038856     0x40  zero_init3.o [69]
      .text               ro code  0x00038896     0x78  lz77_init_single.o [69]
    .rodata               const    0x00038910     0x3c  af-main-common.o [46]
    .rodata               const    0x0003894c     0x3c  af-main-common.o [46]
    .rodata               const    0x00038988     0x3c  af-main-common.o [46]
    .rodata               const    0x000389c4     0x3c  af-main-common.o [46]
    .rodata               const    0x00038a00      0x4  af-main-common.o [46]
    .rodata               const    0x00038a04     0x34  af-main-common.o [46]
    .rodata               const    0x00038a38     0x18  af-main-common.o [46]
    .rodata               const    0x00038a50     0x20  af-main-common.o [46]
    .rodata               const    0x00038a70      0x4  af-main-common.o [46]
    .rodata               const    0x00038a74     0x10  af-main-common.o [46]
    .rodata               const    0x00038a84     0x18  af-main-soc.o [46]
    .rodata               const    0x00038a9c     0x20  af-main-soc.o [46]
    .rodata               const    0x00038abc     0x14  af-main-soc.o [46]
    .rodata               const    0x00038ad0      0x8  af-main-soc.o [46]
    .rodata               const    0x00038ad8     0x10  af-main-soc.o [46]
    .rodata               const    0x00038ae8      0xc  af-main-soc.o [46]
    .rodata               const    0x00038af4     0x18  af-main-soc.o [46]
    .rodata               const    0x00038b0c     0x30  attribute-size.o [46]
    .rodata               const    0x00038b3c     0x70  attribute-storage.o [46]
    .rodata               const    0x00038bac      0x4  attribute-storage.o [46]
    .rodata               const    0x00038bb0      0x8  attribute-storage.o [46]
    .rodata               const    0x00038bb8      0x8  attribute-storage.o [46]
    .rodata               const    0x00038bc0      0xc  attribute-storage.o [46]
    .rodata               const    0x00038bcc     0x28  attribute-storage.o [46]
    .rodata               const    0x00038bf4      0x4  attribute-storage.o [46]
    .rodata               const    0x00038bf8    0x24c  attribute-storage.o [46]
    .rodata               const    0x00038e44     0xdc  attribute-storage.o [46]
    .rodata               const    0x00038f20      0x8  attribute-storage.o [46]
    .rodata               const    0x00038f28      0x4  attribute-storage.o [46]
    .rodata               const    0x00038f2c      0x4  attribute-storage.o [46]
    .rodata               const    0x00038f30     0x28  client-api.o [46]
    .rodata               const    0x00038f58     0x1c  client-api.o [46]
    .rodata               const    0x00038f74     0x34  client-api.o [46]
    .rodata               const    0x00038fa8     0x30  client-api.o [46]
    .rodata               const    0x00038fd8     0x18  message.o [46]
    .rodata               const    0x00038ff0     0x2c  process-cluster-message.o [46]
    .rodata               const    0x0003901c      0x8  process-cluster-message.o [46]
    .rodata               const    0x00039024      0xc  process-global-message.o [46]
    .rodata               const    0x00039030     0x1c  process-global-message.o [46]
    .rodata               const    0x0003904c      0x8  process-global-message.o [46]
    .rodata               const    0x00039054     0x18  process-global-message.o [46]
    .rodata               const    0x0003906c     0x20  util.o [46]
    .rodata               const    0x0003908c     0x1c  util.o [46]
    .rodata               const    0x000390a8      0x8  util.o [46]
    .rodata               const    0x000390b0     0x28  util.o [46]
    .rodata               const    0x000390d8      0x8  util.o [46]
    .rodata               const    0x000390e0      0x8  util.o [46]
    .rodata               const    0x000390e8      0x8  util.o [46]
    .rodata               const    0x000390f0      0x8  util.o [46]
    .rodata               const    0x000390f8     0x28  util.o [46]
    .rodata               const    0x00039120     0x28  util.o [46]
    .rodata               const    0x00039148      0x8  util.o [46]
    .rodata               const    0x00039150     0x28  util.o [46]
    .rodata               const    0x00039178     0x1c  util.o [46]
    .rodata               const    0x00039194      0x8  util.o [46]
    .rodata               const    0x0003919c     0x10  util.o [46]
    .rodata               const    0x000391ac     0x10  util.o [46]
    .rodata               const    0x000391bc     0x20  util.o [46]
    .rodata               const    0x000391dc     0x14  util.o [46]
    .rodata               const    0x000391f0     0x24  zcl-cli.o [46]
    .rodata               const    0x00039214      0xc  zcl-cli.o [46]
    .rodata               const    0x00039220     0x14  update-tc-link-key.o [45]
    .rodata               const    0x00039234     0x18  update-tc-link-key.o [45]
    .rodata               const    0x0003924c      0x8  update-tc-link-key.o [45]
    .rodata               const    0x00039254      0x8  update-tc-link-key.o [45]
    .rodata               const    0x0003925c      0xc  update-tc-link-key.o [45]
    .rodata               const    0x00039268     0x10  update-tc-link-key.o [45]
    .rodata               const    0x00039278     0x30  update-tc-link-key.o [45]
    .rodata               const    0x000392a8     0x28  serial.o [42]
    .rodata               const    0x000392d0     0x24  serial.o [42]
    .rodata               const    0x000392f4      0x8  com.o [41]
    .rodata               const    0x000392fc     0xc8  reporting-default-configuration.o [39]
    .rodata               const    0x000393c4     0x18  reporting.o [39]
    .rodata               const    0x000393dc     0x24  reporting.o [39]
    .rodata               const    0x00039400     0x20  reporting.o [39]
    .rodata               const    0x00039420     0x18  reporting.o [39]
    .rodata               const    0x00039438     0x20  ota-storage-eeprom-page-erase.o [37]
    .rodata               const    0x00039458     0x18  ota-storage-eeprom.o [37]
    .rodata               const    0x00039470      0x4  ota-storage-eeprom.o [37]
    .rodata               const    0x00039474      0xc  ota-storage-eeprom.o [37]
    .rodata               const    0x00039480      0xc  ota-storage-eeprom.o [37]
    .rodata               const    0x0003948c      0x4  ota-storage-simple.o [36]
    .rodata               const    0x00039490     0x10  ota-storage-common.o [35]
    .rodata               const    0x000394a0     0x14  ota-common.o [34]
    .rodata               const    0x000394b4      0xc  ota-common.o [34]
    .rodata               const    0x000394c0      0xc  ota-client.o [32]
    .rodata               const    0x000394cc      0xc  ota-client.o [32]
    .rodata               const    0x000394d8      0x4  ota-client.o [32]
    .rodata               const    0x000394dc      0x8  ota-client.o [32]
    .rodata               const    0x000394e4     0x14  ota-bootload-soc.o [31]
    .rodata               const    0x000394f8     0x1c  nvm3_hal_flash.o [30]
    .rodata               const    0x00039514      0x4  nvm3_lock.o [29]
    .rodata               const    0x00039518     0x2c  network-steering-soc.o [28]
    .rodata               const    0x00039544      0x8  network-steering.o [28]
    .rodata               const    0x0003954c     0x30  network-steering.o [28]
    .rodata               const    0x0003957c     0x30  network-steering.o [28]
    .rodata               const    0x000395ac     0x2c  network-steering.o [28]
    .rodata               const    0x000395d8     0x30  network-steering.o [28]
    .rodata               const    0x00039608     0x30  network-steering.o [28]
    .rodata               const    0x00039638     0x30  network-steering.o [28]
    .rodata               const    0x00039668     0x30  network-steering.o [28]
    .rodata               const    0x00039698     0x30  network-steering.o [28]
    .rodata               const    0x000396c8     0x3c  network-steering.o [28]
    .rodata               const    0x00039704     0x24  network-steering.o [28]
    .rodata               const    0x00039728     0x24  network-steering.o [28]
    .rodata               const    0x0003974c     0x1c  network-steering.o [28]
    .rodata               const    0x00039768     0x14  network-steering.o [28]
    .rodata               const    0x0003977c     0x28  network-steering.o [28]
    .rodata               const    0x000397a4     0x14  network-steering.o [28]
    .rodata               const    0x000397b8     0x2c  network-steering.o [28]
    .rodata               const    0x000397e4     0x2c  network-steering.o [28]
    .rodata               const    0x00039810     0x18  network-steering.o [28]
    .rodata               const    0x00039828     0x10  network-steering.o [28]
    .rodata               const    0x00039838     0x2c  network-steering.o [28]
    .rodata               const    0x00039864     0x50  network-steering.o [28]
    .rodata               const    0x000398b4     0x10  network-steering.o [28]
    .rodata               const    0x000398c4      0x8  network-steering.o [28]
    .rodata               const    0x000398cc     0x44  network-steering.o [28]
    .rodata               const    0x00039910     0x1c  network-steering.o [28]
    .rodata               const    0x0003992c     0x24  network-steering.o [28]
    .rodata               const    0x00039950     0x10  network-steering.o [28]
    .rodata               const    0x00039960     0x10  network-steering.o [28]
    .rodata               const    0x00039970     0x10  network-steering.o [28]
    .rodata               const    0x00039980     0x20  se_aes.o [27]
    .rodata               const    0x000399a0      0xc  se_aes.o [27]
    .rodata               const    0x000399ac      0xc  se_aes.o [27]
    .rodata               const    0x000399b8      0xc  se_aes.o [27]
    .rodata               const    0x000399c4      0x8  ias-zone-server.o [24]
    .rodata               const    0x000399cc      0x8  ias-zone-server.o [24]
    .rodata               const    0x000399d4     0x14  hal-config.o [21]
    .rodata               const    0x000399e8     0x10  hal-config.o [21]
    .rodata               const    0x000399f8     0x28  hal-config.o [21]
    .rodata               const    0x00039a20     0x1c  bootloader-interface-app.o [18]
    .rodata               const    0x00039a3c     0x40  bootloader-interface.o [18]
    .rodata               const    0x00039a7c     0x20  em_se.o [17]
    .rodata               const    0x00039a9c      0xc  em_se.o [17]
    .rodata               const    0x00039aa8     0x20  em_se.o [17]
    .rodata               const    0x00039ac8     0x10  dmadrv.o [16]
    .rodata               const    0x00039ad8     0x10  dmadrv.o [16]
    .rodata               const    0x00039ae8     0x10  dmadrv.o [16]
    .rodata               const    0x00039af8      0x4  dmadrv.o [16]
    .rodata               const    0x00039afc      0x8  sl_sleeptimer_hal_rtcc.o [16]
    .rodata               const    0x00039b04      0x8  sl_sleeptimer_hal_rtcc.o [16]
    .rodata               const    0x00039b0c      0x8  uartdrv.o [16]
    .rodata               const    0x00039b14     0x1c  uartdrv.o [16]
    .rodata               const    0x00039b30     0x10  ustimer.o [16]
    .rodata               const    0x00039b40     0x10  ustimer.o [16]
    .rodata               const    0x00039b50     0x24  ember-printf.o [15]
    .rodata               const    0x00039b74     0x14  assert-crash-handlers.o [14]
    .rodata               const    0x00039b88     0x20  cstartup-common.o [14]
    .rodata               const    0x00039ba8     0x40  diagnostic.o [14]
    .rodata               const    0x00039be8     0x38  diagnostic.o [14]
    .rodata               const    0x00039c20     0x44  diagnostic.o [14]
    .rodata               const    0x00039c64     0x3c  diagnostic.o [14]
    .rodata               const    0x00039ca0     0x30  diagnostic.o [14]
    .rodata               const    0x00039cd0     0x30  diagnostic.o [14]
    .rodata               const    0x00039d00     0x24  diagnostic.o [14]
    .rodata               const    0x00039d24     0x28  diagnostic.o [14]
    .rodata               const    0x00039d4c     0x40  diagnostic.o [14]
    .rodata               const    0x00039d8c     0x3c  diagnostic.o [14]
    .rodata               const    0x00039dc8     0x30  diagnostic.o [14]
    .rodata               const    0x00039df8     0x38  diagnostic.o [14]
    .rodata               const    0x00039e30     0x3c  diagnostic.o [14]
    .rodata               const    0x00039e6c     0x30  diagnostic.o [14]
    .rodata               const    0x00039e9c     0x38  diagnostic.o [14]
    .rodata               const    0x00039ed4     0x30  diagnostic.o [14]
    .rodata               const    0x00039f04     0x40  diagnostic.o [14]
    .rodata               const    0x00039f44     0x14  diagnostic.o [14]
    .rodata               const    0x00039f58      0xc  diagnostic.o [14]
    .rodata               const    0x00039f64      0xc  diagnostic.o [14]
    .rodata               const    0x00039f70     0x10  diagnostic.o [14]
    .rodata               const    0x00039f80     0x14  diagnostic.o [14]
    .rodata               const    0x00039f94      0xc  diagnostic.o [14]
    .rodata               const    0x00039fa0      0xc  diagnostic.o [14]
    .rodata               const    0x00039fac      0xc  diagnostic.o [14]
    .rodata               const    0x00039fb8      0xc  diagnostic.o [14]
    .rodata               const    0x00039fc4      0xc  diagnostic.o [14]
    .rodata               const    0x00039fd0      0xc  diagnostic.o [14]
    .rodata               const    0x00039fdc     0x10  diagnostic.o [14]
    .rodata               const    0x00039fec     0x10  diagnostic.o [14]
    .rodata               const    0x00039ffc     0x10  diagnostic.o [14]
    .rodata               const    0x0003a00c     0x10  diagnostic.o [14]
    .rodata               const    0x0003a01c     0x10  diagnostic.o [14]
    .rodata               const    0x0003a02c     0x10  diagnostic.o [14]
    .rodata               const    0x0003a03c     0x10  diagnostic.o [14]
    .rodata               const    0x0003a04c      0xc  diagnostic.o [14]
    .rodata               const    0x0003a058     0x10  diagnostic.o [14]
    .rodata               const    0x0003a068      0xc  diagnostic.o [14]
    .rodata               const    0x0003a074      0xc  diagnostic.o [14]
    .rodata               const    0x0003a080      0xc  diagnostic.o [14]
    .rodata               const    0x0003a08c      0xc  diagnostic.o [14]
    .rodata               const    0x0003a098      0xc  diagnostic.o [14]
    .rodata               const    0x0003a0a4     0x10  diagnostic.o [14]
    .rodata               const    0x0003a0b4     0x10  diagnostic.o [14]
    .rodata               const    0x0003a0c4      0xc  diagnostic.o [14]
    .rodata               const    0x0003a0d0      0xc  diagnostic.o [14]
    .rodata               const    0x0003a0dc      0xc  diagnostic.o [14]
    .rodata               const    0x0003a0e8      0xc  diagnostic.o [14]
    .rodata               const    0x0003a0f4      0xc  diagnostic.o [14]
    .rodata               const    0x0003a100      0xc  diagnostic.o [14]
    .rodata               const    0x0003a10c     0x10  diagnostic.o [14]
    .rodata               const    0x0003a11c      0xc  diagnostic.o [14]
    .rodata               const    0x0003a128      0xc  diagnostic.o [14]
    .rodata               const    0x0003a134     0x10  diagnostic.o [14]
    .rodata               const    0x0003a144     0x10  diagnostic.o [14]
    .rodata               const    0x0003a154     0x10  diagnostic.o [14]
    .rodata               const    0x0003a164      0xc  diagnostic.o [14]
    .rodata               const    0x0003a170      0xc  diagnostic.o [14]
    .rodata               const    0x0003a17c      0xc  diagnostic.o [14]
    .rodata               const    0x0003a188      0xc  diagnostic.o [14]
    .rodata               const    0x0003a194      0xc  diagnostic.o [14]
    .rodata               const    0x0003a1a0      0xc  diagnostic.o [14]
    .rodata               const    0x0003a1ac      0xc  diagnostic.o [14]
    .rodata               const    0x0003a1b8      0xc  diagnostic.o [14]
    .rodata               const    0x0003a1c4     0x10  diagnostic.o [14]
    .rodata               const    0x0003a1d4      0xc  diagnostic.o [14]
    .rodata               const    0x0003a1e0      0xc  diagnostic.o [14]
    .rodata               const    0x0003a1ec      0xc  diagnostic.o [14]
    .rodata               const    0x0003a1f8      0xc  diagnostic.o [14]
    .rodata               const    0x0003a204      0xc  diagnostic.o [14]
    .rodata               const    0x0003a210      0xc  diagnostic.o [14]
    .rodata               const    0x0003a21c      0xc  diagnostic.o [14]
    .rodata               const    0x0003a228      0xc  diagnostic.o [14]
    .rodata               const    0x0003a234      0xc  diagnostic.o [14]
    .rodata               const    0x0003a240     0x10  diagnostic.o [14]
    .rodata               const    0x0003a250     0x10  diagnostic.o [14]
    .rodata               const    0x0003a260     0x10  diagnostic.o [14]
    .rodata               const    0x0003a270     0x10  diagnostic.o [14]
    .rodata               const    0x0003a280      0x8  diagnostic.o [14]
    .rodata               const    0x0003a288      0x8  diagnostic.o [14]
    .rodata               const    0x0003a290      0x8  diagnostic.o [14]
    .rodata               const    0x0003a298      0x8  diagnostic.o [14]
    .rodata               const    0x0003a2a0     0x30  diagnostic.o [14]
    .rodata               const    0x0003a2d0     0x3c  diagnostic.o [14]
    .rodata               const    0x0003a30c     0x2c  diagnostic.o [14]
    .rodata               const    0x0003a338     0x20  diagnostic.o [14]
    .rodata               const    0x0003a358     0x30  diagnostic.o [14]
    .rodata               const    0x0003a388     0x18  diagnostic.o [14]
    .rodata               const    0x0003a3a0     0x40  diagnostic.o [14]
    .rodata               const    0x0003a3e0     0x30  diagnostic.o [14]
    .rodata               const    0x0003a410     0x1c  diagnostic.o [14]
    .rodata               const    0x0003a42c     0x1c  diagnostic.o [14]
    .rodata               const    0x0003a448     0x18  diagnostic.o [14]
    .rodata               const    0x0003a460     0x3c  diagnostic.o [14]
    .rodata               const    0x0003a49c     0x34  diagnostic.o [14]
    .rodata               const    0x0003a4d0     0x3c  diagnostic.o [14]
    .rodata               const    0x0003a50c     0x28  diagnostic.o [14]
    .rodata               const    0x0003a534     0x1c  diagnostic.o [14]
    .rodata               const    0x0003a550      0x8  diagnostic.o [14]
    .rodata               const    0x0003a558     0x18  diagnostic.o [14]
    .rodata               const    0x0003a570     0x48  diagnostic.o [14]
    .rodata               const    0x0003a5b8     0x30  diagnostic.o [14]
    .rodata               const    0x0003a5e8     0x1c  diagnostic.o [14]
    .rodata               const    0x0003a604     0x24  diagnostic.o [14]
    .rodata               const    0x0003a628      0xc  diagnostic.o [14]
    .rodata               const    0x0003a634     0x68  diagnostic.o [14]
    .rodata               const    0x0003a69c     0xf4  diagnostic.o [14]
    .rodata               const    0x0003a790     0xcc  diagnostic.o [14]
    .rodata               const    0x0003a85c      0xc  mfg-token.o [14]
    .rodata               const    0x0003a868      0x8  mfg-token.o [14]
    .rodata               const    0x0003a870      0xc  micro-common.o [14]
    .rodata               const    0x0003a87c      0x8  micro.o [14]
    .rodata               const    0x0003a884      0x8  micro.o [14]
    .rodata               const    0x0003a88c     0x30  micro.o [14]
    .rodata               const    0x0003a8bc      0x4  micro.o [14]
    .rodata               const    0x0003a8c0     0x58  micro.o [14]
    .rodata               const    0x0003a918     0x20  micro.o [14]
    .rodata               const    0x0003a938      0xc  micro.o [14]
    .rodata               const    0x0003a944      0x8  micro.o [14]
    .rodata               const    0x0003a94c      0xc  micro.o [14]
    .rodata               const    0x0003a958     0x10  micro.o [14]
    .rodata               const    0x0003a968      0x8  micro.o [14]
    .rodata               const    0x0003a970      0xc  micro.o [14]
    .rodata               const    0x0003a97c     0x10  micro.o [14]
    .rodata               const    0x0003a98c     0x20  micro.o [14]
    .rodata               const    0x0003a9ac     0x20  micro.o [14]
    .rodata               const    0x0003a9cc     0x30  micro.o [14]
    .rodata               const    0x0003a9fc      0xc  sleep-efm32.o [14]
    .rodata               const    0x0003aa08     0x10  sleep-efm32.o [14]
    .rodata               const    0x0003aa18      0x8  token.o [14]
    .rodata               const    0x0003aa20      0xc  eeprom.o [13]
    .rodata               const    0x0003aa2c     0x14  eeprom.o [13]
    .rodata               const    0x0003aa40      0xc  eeprom.o [13]
    .rodata               const    0x0003aa4c     0x68  diagnostic-server-soc.o [12]
    .rodata               const    0x0003aab4     0x40  diagnostic-server-soc.o [12]
    .rodata               const    0x0003aaf4     0x44  diagnostic-server-soc.o [12]
    .rodata               const    0x0003ab38     0x10  counters-soc.o [11]
    .rodata               const    0x0003ab48     0x14  counters-soc.o [11]
    .rodata               const    0x0003ab5c      0x8  antenna-stub.o [7]
    .rodata               const    0x0003ab64      0xc  SEGGER_RTT.o [5]
    .rodata               const    0x0003ab70      0x8  SEGGER_RTT.o [5]
    .rodata               const    0x0003ab78      0xc  ikk-rtt.o [5]
    .rodata               const    0x0003ab84     0x24  ikk-rtt.o [5]
    .rodata               const    0x0003aba8     0x1c  ikk-rtt.o [5]
    .rodata               const    0x0003abc4     0x1c  ikk-rtt.o [5]
    .rodata               const    0x0003abe0     0x24  ikk-rtt.o [5]
    .rodata               const    0x0003ac04     0x1c  ikk-rtt.o [5]
    .rodata               const    0x0003ac20      0x8  ikk-rtt.o [5]
    .rodata               const    0x0003ac28     0x1c  ikk-rtt.o [5]
    .rodata               const    0x0003ac44     0x24  ikk-rtt.o [5]
    .rodata               const    0x0003ac68      0x8  ikk-cluster.o [4]
    .rodata               const    0x0003ac70      0x8  ikk-cluster.o [4]
    .rodata               const    0x0003ac78     0x2c  ikk-cluster.o [4]
    .rodata               const    0x0003aca4     0x14  ikk-cluster.o [4]
    .rodata               const    0x0003acb8     0x28  ikk-cluster.o [4]
    .rodata               const    0x0003ace0     0x28  ikk-cluster.o [4]
    .rodata               const    0x0003ad08     0x10  ikk-cluster.o [4]
    .rodata               const    0x0003ad18     0x34  ikk-cluster.o [4]
    .rodata               const    0x0003ad4c     0x2c  ikk-cluster.o [4]
    .rodata               const    0x0003ad78     0x20  ikk-cluster.o [4]
    .rodata               const    0x0003ad98     0x20  ikk-cluster.o [4]
    .rodata               const    0x0003adb8     0x6c  ikk-cluster.o [4]
    .rodata               const    0x0003ae24     0x14  ikk-command.o [4]
    .rodata               const    0x0003ae38     0x18  ikk-command.o [4]
    .rodata               const    0x0003ae50     0x10  ikk-command.o [4]
    .rodata               const    0x0003ae60     0x20  ikk-command.o [4]
    .rodata               const    0x0003ae80     0x20  ikk-command.o [4]
    .rodata               const    0x0003aea0     0x10  ikk-command.o [4]
    .rodata               const    0x0003aeb0     0x10  ikk-command.o [4]
    .rodata               const    0x0003aec0     0x10  ikk-command.o [4]
    .rodata               const    0x0003aed0     0x1c  ikk-command.o [4]
    .rodata               const    0x0003aeec     0x18  ikk-common-utils.o [4]
    .rodata               const    0x0003af04     0x2c  ikk-factory-test.o [4]
    .rodata               const    0x0003af30     0x30  ikk-factory-test.o [4]
    .rodata               const    0x0003af60     0x50  ikk-factory-test.o [4]
    .rodata               const    0x0003afb0     0x50  ikk-factory-test.o [4]
    .rodata               const    0x0003b000     0x48  ikk-factory-test.o [4]
    .rodata               const    0x0003b048     0x28  ikk-factory-test.o [4]
    .rodata               const    0x0003b070     0x1c  ikk-factory-test.o [4]
    .rodata               const    0x0003b08c     0x1c  ikk-factory-test.o [4]
    .rodata               const    0x0003b0a8     0x1c  ikk-factory-test.o [4]
    .rodata               const    0x0003b0c4     0x3c  ikk-factory-test.o [4]
    .rodata               const    0x0003b100     0x2c  ikk-factory-test.o [4]
    .rodata               const    0x0003b12c     0x2c  ikk-factory-test.o [4]
    .rodata               const    0x0003b158     0x48  ikk-factory-test.o [4]
    .rodata               const    0x0003b1a0     0x48  ikk-factory-test.o [4]
    .rodata               const    0x0003b1e8     0x1c  ikk-factory-test.o [4]
    .rodata               const    0x0003b204     0x24  ikk-factory-test.o [4]
    .rodata               const    0x0003b228     0x28  ikk-factory-test.o [4]
    .rodata               const    0x0003b250     0x20  ikk-factory-test.o [4]
    .rodata               const    0x0003b270     0x18  ikk-factory-test.o [4]
    .rodata               const    0x0003b288     0x1c  ikk-factory-test.o [4]
    .rodata               const    0x0003b2a4     0x10  ikk-factory-test.o [4]
    .rodata               const    0x0003b2b4     0x20  ikk-factory-test.o [4]
    .rodata               const    0x0003b2d4     0x4c  ikk-factory-test.o [4]
    .rodata               const    0x0003b320     0x28  ikk-network.o [4]
    .rodata               const    0x0003b348     0x20  ikk-network.o [4]
    .rodata               const    0x0003b368     0x24  ikk-network.o [4]
    .rodata               const    0x0003b38c     0x28  ikk-network.o [4]
    .rodata               const    0x0003b3b4     0x28  ikk-network.o [4]
    .rodata               const    0x0003b3dc     0x10  ikk-network.o [4]
    .rodata               const    0x0003b3ec     0x24  ikk-network.o [4]
    .rodata               const    0x0003b410     0x28  ikk-network.o [4]
    .rodata               const    0x0003b438     0x24  ikk-network.o [4]
    .rodata               const    0x0003b45c     0x28  ikk-network.o [4]
    .rodata               const    0x0003b484     0x3c  ikk-network.o [4]
    .rodata               const    0x0003b4c0     0x38  ikk-network.o [4]
    .rodata               const    0x0003b4f8     0x30  ikk-network.o [4]
    .rodata               const    0x0003b528     0x18  ikk-network.o [4]
    .rodata               const    0x0003b540     0x18  ikk-network.o [4]
    .rodata               const    0x0003b558     0x1c  ikk-network.o [4]
    .rodata               const    0x0003b574     0x18  ikk-network.o [4]
    .rodata               const    0x0003b58c     0x30  ikk-network.o [4]
    .rodata               const    0x0003b5bc     0x30  ikk-network.o [4]
    .rodata               const    0x0003b5ec     0x14  ikk-network.o [4]
    .rodata               const    0x0003b600     0x34  ikk-network.o [4]
    .rodata               const    0x0003b634     0x28  ikk-network.o [4]
    .rodata               const    0x0003b65c      0x8  ikk-network.o [4]
    .rodata               const    0x0003b664     0x34  ikk-network.o [4]
    .rodata               const    0x0003b698     0x1c  ikk-network.o [4]
    .rodata               const    0x0003b6b4     0x14  ikk-network.o [4]
    .rodata               const    0x0003b6c8     0x24  ikk-network.o [4]
    .rodata               const    0x0003b6ec     0x28  ikk-network.o [4]
    .rodata               const    0x0003b714     0x30  ikk-network.o [4]
    .rodata               const    0x0003b744     0x24  ikk-network.o [4]
    .rodata               const    0x0003b768     0x18  ikk-network.o [4]
    .rodata               const    0x0003b780     0x34  ikk-network.o [4]
    .rodata               const    0x0003b7b4     0x3c  ikk-network.o [4]
    .rodata               const    0x0003b7f0     0x3c  ikk-network.o [4]
    .rodata               const    0x0003b82c     0x24  ikk-network.o [4]
    .rodata               const    0x0003b850     0x1c  ikk-network.o [4]
    .rodata               const    0x0003b86c     0x50  ikk-network.o [4]
    .rodata               const    0x0003b8bc     0x14  ikk-network.o [4]
    .rodata               const    0x0003b8d0      0x8  ikk-network.o [4]
    .rodata               const    0x0003b8d8     0x1c  ikk-network.o [4]
    .rodata               const    0x0003b8f4     0x28  ikk-network.o [4]
    .rodata               const    0x0003b91c     0x34  ikk-network.o [4]
    .rodata               const    0x0003b950     0x30  ikk-network.o [4]
    .rodata               const    0x0003b980     0x14  ikk-network.o [4]
    .rodata               const    0x0003b994     0x30  ikk-network.o [4]
    .rodata               const    0x0003b9c4     0x14  ikk-network.o [4]
    .rodata               const    0x0003b9d8     0x14  ikk-network.o [4]
    .rodata               const    0x0003b9ec     0x14  ikk-network.o [4]
    .rodata               const    0x0003ba00     0x28  ikk-network.o [4]
    .rodata               const    0x0003ba28     0x30  ikk-network.o [4]
    .rodata               const    0x0003ba58     0x20  ikk-network.o [4]
    .rodata               const    0x0003ba78     0x20  ikk-network.o [4]
    .rodata               const    0x0003ba98     0x1c  ikk-network.o [4]
    .rodata               const    0x0003bab4     0x1c  ikk-network.o [4]
    .rodata               const    0x0003bad0     0x24  ikk-opt-tunnel.o [4]
    .rodata               const    0x0003baf4     0x18  ikk-opt-tunnel.o [4]
    .rodata               const    0x0003bb0c     0x10  ikk-opt-tunnel.o [4]
    .rodata               const    0x0003bb1c     0x1c  ikk-opt-tunnel.o [4]
    .rodata               const    0x0003bb38     0x28  ikk-opt-tunnel.o [4]
    .rodata               const    0x0003bb60     0x2c  ikk-opt-tunnel.o [4]
    .rodata               const    0x0003bb8c     0x28  ikk-opt-tunnel.o [4]
    .rodata               const    0x0003bbb4     0x20  ikk-opt-tunnel.o [4]
    .rodata               const    0x0003bbd4     0x5c  ikk-opt-tunnel.o [4]
    .rodata               const    0x0003bc30     0x5c  ikk-opt-tunnel.o [4]
    .rodata               const    0x0003bc8c     0x5c  ikk-opt-tunnel.o [4]
    .rodata               const    0x0003bce8     0x38  ikk-opt-tunnel.o [4]
    .rodata               const    0x0003bd20     0x20  ikk-opt-tunnel.o [4]
    .rodata               const    0x0003bd40     0x2c  ikk-opt-tunnel.o [4]
    .rodata               const    0x0003bd6c     0x2c  ikk-opt-tunnel.o [4]
    .rodata               const    0x0003bd98     0x2c  ikk-opt-tunnel.o [4]
    .rodata               const    0x0003bdc4     0x34  ikk-opt-tunnel.o [4]
    .rodata               const    0x0003bdf8     0x34  ikk-opt-tunnel.o [4]
    .rodata               const    0x0003be2c     0x28  ikk-opt-tunnel.o [4]
    .rodata               const    0x0003be54     0x34  ikk-opt-tunnel.o [4]
    .rodata               const    0x0003be88     0x1c  ikk-opt-tunnel.o [4]
    .rodata               const    0x0003bea4     0x1c  ikk-opt-tunnel.o [4]
    .rodata               const    0x0003bec0     0x14  ikk-opt-tunnel.o [4]
    .rodata               const    0x0003bed4     0x14  ikk-opt-tunnel.o [4]
    .rodata               const    0x0003bee8     0x1c  ikk-opt-tunnel.o [4]
    .rodata               const    0x0003bf04     0x30  ikk-opt-tunnel.o [4]
    .rodata               const    0x0003bf34     0x30  ikk-opt-tunnel.o [4]
    .rodata               const    0x0003bf64     0x24  ikk-opt-tunnel.o [4]
    .rodata               const    0x0003bf88     0x1c  ikk-opt-tunnel.o [4]
    .rodata               const    0x0003bfa4     0x10  ikk-opt-tunnel.o [4]
    .rodata               const    0x0003bfb4     0x1c  ikk-ota.o [4]
    .rodata               const    0x0003bfd0     0x44  ikk-ota.o [4]
    .rodata               const    0x0003c014     0x28  ikk-ota.o [4]
    .rodata               const    0x0003c03c     0x30  ikk-ota.o [4]
    .rodata               const    0x0003c06c     0x38  ikk-adc.o [3]
    .rodata               const    0x0003c0a4     0x30  ikk-adc.o [3]
    .rodata               const    0x0003c0d4     0x2c  ikk-adc.o [3]
    .rodata               const    0x0003c100     0x18  ikk-adc.o [3]
    .rodata               const    0x0003c118     0x24  ikk-adc.o [3]
    .rodata               const    0x0003c13c     0x1c  ikk-adc.o [3]
    .rodata               const    0x0003c158     0x48  ikk-adc.o [3]
    .rodata               const    0x0003c1a0     0x34  ikk-adc.o [3]
    .rodata               const    0x0003c1d4     0x4c  ikk-button.o [3]
    .rodata               const    0x0003c220     0x18  ikk-button.o [3]
    .rodata               const    0x0003c238     0x50  ikk-button.o [3]
    .rodata               const    0x0003c288     0x18  ikk-button.o [3]
    .rodata               const    0x0003c2a0     0x34  ikk-button.o [3]
    .rodata               const    0x0003c2d4     0x18  ikk-button.o [3]
    .rodata               const    0x0003c2ec     0x40  ikk-button.o [3]
    .rodata               const    0x0003c32c     0x54  ikk-button.o [3]
    .rodata               const    0x0003c380     0x50  ikk-led.o [3]
    .rodata               const    0x0003c3d0     0x34  ikk-timer.o [3]
    .rodata               const    0x0003c404     0x10  ikk-timer.o [3]
    .rodata               const    0x0003c414     0x18  ikk-uart.o [3]
    .rodata               const    0x0003c42c     0x18  ikk-uart.o [3]
    .rodata               const    0x0003c444     0x28  ikk-uart.o [3]
    .rodata               const    0x0003c46c     0x28  ikk-uart.o [3]
    .rodata               const    0x0003c494     0x50  ikk-uart.o [3]
    .rodata               const    0x0003c4e4     0x20  ikk-uart.o [3]
[...]
sleeptimer_frequency    0x2000b654      0x4  Data  Lc  sl_power_manager.o [21]
sleeptimer_hal_disable_int
                        0x00021493     0x28  Code  Gb  sl_sleeptimer_hal_rtcc.o [16]
sleeptimer_hal_enable_int
                        0x00021479     0x1a  Code  Gb  sl_sleeptimer_hal_rtcc.o [16]
sleeptimer_hal_get_counter
                        0x00021423      0xc  Code  Gb  sl_sleeptimer_hal_rtcc.o [16]
sleeptimer_hal_get_timer_frequency
                        0x00021535     0x16  Code  Gb  sl_sleeptimer_hal_rtcc.o [16]
sleeptimer_hal_init_timer
                        0x000213b9     0x6a  Code  Gb  sl_sleeptimer_hal_rtcc.o [16]
sleeptimer_hal_set_compare
                        0x0002142f     0x4a  Code  Gb  sl_sleeptimer_hal_rtcc.o [16]
sleepyBroadcastInfo     0x2000f978      0x1  Data  Lc  jit.o [73]
sleepy_xtal_settings_corebias
                        0x20009974      0x4  Data  Lc  sl_hfxo_manager_hal_s2.o [22]
sleepy_xtal_settings_ctuneana
                        0x20009970      0x4  Data  Lc  sl_hfxo_manager_hal_s2.o [22]
sli_build_zll_scan_request_payload
                        0x00007a4f      0x4  Code  Gb  zll-stubs.o [75]
sli_hfxo_manager_begin_startup_measurement
                        0x0002ee15     0x12  Code  Gb  sl_hfxo_manager.o [22]
sli_hfxo_manager_end_startup_measurement
                        0x0002ee27     0x5a  Code  Gb  sl_hfxo_manager.o [22]
sli_hfxo_manager_get_startup_time
                        0x0002ee81      0x6  Code  Gb  sl_hfxo_manager.o [22]
sli_hfxo_manager_init_hardware
                        0x0003420d     0x20  Code  Gb  sl_hfxo_manager_hal_s2.o [22]
sli_hfxo_manager_is_hfxo_ready
                        0x0003422d     0x1e  Code  Gb  sl_hfxo_manager_hal_s2.o [22]
sli_hfxo_manager_notify_ready_for_power_manager
                        0x00021b63     0x2e  Code  Gb  sl_power_manager.o [21]
sli_mac_energy_scan     0x00009cc9     0x32  Code  Gb  scan.o [73]
sli_mac_energy_scan_complete_callback
                        0x2000fbe8      0x4  Data  Gb  scan.o [73]
sli_mac_filter_match_check
                        0x00021047    0x104  Code  Gb  mac-header.o [73]
sli_mac_get_current_child_table_network_index
                        0x00012223     0x16  Code  Gb  mac-child.o [73]
sli_mac_init_child_table_pointers
                        0x0001220b     0x18  Code  Gb  mac-child.o [73]
sli_mac_pop_child_table_pointer
                        0x000122a5     0x38  Code  Gb  mac-child.o [73]
sli_mac_push_child_table_pointer
                        0x00012239     0x6c  Code  Gb  mac-child.o [73]
sli_power_manager_apply_em
                        0x0002f5f5     0x2a  Code  Gb  sl_power_manager_hal_s2.o [21]
sli_power_manager_convert_delay_us_to_tick
                        0x00021a07     0x12  Code  Gb  sl_power_manager.o [21]
sli_power_manager_get_default_high_frequency_minimum_offtime
                        0x0002f61f      0x8  Code  Gb  sl_power_manager_hal_s2.o [21]
sli_power_manager_get_wakeup_process_time_overhead
                        0x0002f627     0x1a  Code  Gb  sl_power_manager_hal_s2.o [21]
sli_power_manager_handle_pre_deepsleep_operations
                        0x0002f585      0x8  Code  Gb  sl_power_manager_hal_s2.o [21]
sli_power_manager_init_hardware
                        0x0002f47d     0xae  Code  Gb  sl_power_manager_hal_s2.o [21]
sli_power_manager_is_high_freq_accuracy_clk_ready
                        0x0002f5bb     0x10  Code  Gb  sl_power_manager_hal_s2.o [21]
sli_power_manager_on_wakeup
                        0x0000be25     0x38  Code  Gb  sleep-efm32.o [14]
sli_power_manager_restore_high_freq_accuracy_clk
                        0x0002f58d     0x2e  Code  Gb  sl_power_manager_hal_s2.o [21]
sli_power_manager_restore_states
                        0x0002f5cb     0x2a  Code  Gb  sl_power_manager_hal_s2.o [21]
sli_power_manager_save_states
                        0x0002f52b      0x4  Code  Gb  sl_power_manager_hal_s2.o [21]
sli_power_manager_set_high_accuracy_hf_clock_as_used
                        0x0002f641      0x8  Code  Gb  sl_power_manager_hal_s2.o [21]
sli_power_manager_update_em_requirement
                        0x0002197f     0x68  Code  Gb  sl_power_manager.o [21]
sli_scan_stop           0x00009f6f     0x38  Code  Gb  scan.o [73]
sli_se_lock_acquire     0x00031c49      0x4  Code  Gb  sl_se_manager.o [27]
sli_se_lock_release     0x00031c4d      0x4  Code  Gb  sl_se_manager.o [27]
sli_set_lower_mac_params_to_concurrent_networks
                        0x0000ad1f     0x48  Code  Gb  upper-mac.o [73]
sli_set_lower_mac_params_to_current_network
                        0x0000ad67     0x40  Code  Gb  upper-mac.o [73]
sli_sleeptimer_hal_is_int_status_set
                        0x000214bb     0x1e  Code  Gb  sl_sleeptimer_hal_rtcc.o [16]
sli_sleeptimer_is_power_manager_timer_next_to_expire
                        0x0000b741      0x8  Code  Gb  sl_sleeptimer.o [16]
sli_upper_mac_update_lower_mac_params
                        0x0000ac91     0x1c  Code  Gb  upper-mac.o [73]
sli_zigbee_routeRecordPolicy
                        0x2000ff2e      0x1  Data  Lc  network.o [73]
srand                   0x00031b45     0x20  Code  Gb  srand.o [57]
stackEvents             0x20009b04     0xc8  Data  Gb  zigbee-stack.o [73]
stackTokenInfo          0x00017ad4     0x3c  Data  Lc  token-cache.o [73]
startNetworkOperation   0x00007ff9     0x6e  Code  Lc  association.o [73]
startPanIdScan          0x00020cb9     0x52  Code  Lc  form-and-join.o [19]
startScan               0x00020f51     0x12  Code  Lc  form-and-join.o [19]
startServerDiscovery    0x00022fe3     0x68  Code  Lc  ota-client.o [32]
start_channel_scan      0x0000a037     0x6c  Code  Lc  scan.o [73]
stateMachineRun         0x00025503     0x52  Code  Lc  network-steering.o [28]
stateTable              0x2000b5cc      0x4  Data  Lc  identify.o [25]
states                  0x2000aa04     0x40  Data  Lc  service-discovery-common.o [46]
statesInitialized       0x2000ff47      0x1  Data  Lc  service-discovery-common.o [46]
staticCmd               0x000391bc     0x20  Data  Lc  util.o [46]
status                  0x000239d1     0x10  Code  Lc  call-command-handler.o [1]
storageHasFullImage     0x2000ff57      0x1  Data  Lc  ota-storage-simple.o [36]
storageSlot             0x2000b678      0x4  Data  Lc  bootloader-interface-app.o [18]
storeAndForwardDelayCount
                        0x2000fc04      0x1  Data  Lc  store-forward.o [73]
storeAndForwardSubmitCount
                        0x2000fc05      0x1  Data  Lc  store-forward.o [73]
storedKeysList          0x2000f8e0      0x2  Data  Lc  aps-keys-transient.o [73]
storedNetworks          0x2000ff06      0x2  Data  Lc  network-steering-soc.o [28]
storedSleepControl      0x2000ff56      0x1  Data  Lc  ota-storage-eeprom-page-erase.o [37]
stringToUnsignedInt     0x0001f8bd     0x7a  Code  Lc  command-interpreter2.o [1]
strlen                  0x00028985           Code  Gb  strlen.o [69]
submitCount             0x2000fb6d      0x1  Data  Lc  retry.o [73]
superRetriesIntervalForMacDataPoll
                        0x2000f99c      0x4  Data  Lc  network.o [73]
syn_area                0x2000ffbe      0x1  Data  Gb  ikk-user.o [2]
syn_ex                  0x2000ffc1      0x1  Data  Gb  ikk-user.o [2]
syn_fin                 0x2000ffc2      0x1  Data  Gb  ikk-user.o [2]
syn_hold                0x2000ffbf      0x1  Data  Gb  ikk-user.o [2]
syn_led                 0x2000ffc0      0x1  Data  Gb  ikk-user.o [2]
systemTimerId           0x2000f89c     0x18  Data  Lc  system-timer.o [60]
tail                    0x2000ff52      0x1  Data  Lc  scan-dispatch.o [40]
tcBasedClassificationAlgorithm
                        0x0000a963     0x62  Code  Lc  beacon-handling.o [73]
tempdrvHighCallbacks    0x2000ba90     0x28  Data  Lc  tempdrv.o [16]
tempdrvLowCallbacks     0x2000bab8     0x28  Data  Lc  tempdrv.o [16]
terminateScanRequest    0x00032225     0x18  Code  Lc  zdo-channel.o [73]
thrHard                 0x00012d8b     0x20  Code  Lc  nvm3.o [62]
thrSize                 0x00012dd9      0xa  Code  Lc  nvm3.o [62]
thrSoftMinimum          0x00012dab     0x20  Code  Lc  nvm3.o [62]
thrSoftUser             0x00012dcb      0xe  Code  Lc  nvm3.o [62]
timeElapsed             0x2000ff8a      0x1  Data  Lc  ustimer.o [16]
timeoutPools            0x0001b417    0x10c  Code  Lc  indirect-queue.o [73]
timerPrsConfig          0x0002167d     0x3a  Code  Lc  em_timer.o [17]
timer_frequency         0x2000ba80      0x4  Data  Lc  sl_sleeptimer.o [16]
timer_head              0x2000ba84      0x4  Data  Lc  sl_sleeptimer.o [16]
tokenArraySize          0x0003dd98     0x3c  Data  Gb  token-def.o [1]
tokenDefaults           0x0003e048     0xe8  Data  Gb  token-def.o [1]
tokenFlagsToSizeArray   0x0002de3c      0x4  Data  Lc  install-code-tokens.o [61]
tokenIsCnt              0x0003dce4     0x3c  Data  Gb  token-def.o [1]
tokenIsIdx              0x0003dd20     0x3c  Data  Gb  token-def.o [1]
tokenLength             0x0001f50d      0xe  Code  Lc  command-interpreter2.o [1]
tokenNvm3Keys           0x0003dbfc     0xe8  Data  Gb  token-def.o [1]
tokenPointer            0x0001f51b     0x10  Code  Lc  command-interpreter2.o [1]
tokenSize               0x0003dd5c     0x3c  Data  Gb  token-def.o [1]
tokensActive            0x2000ff8c      0x1  Data  Lc  token.o [14]
tolower                 0x00031b39      0xc  Code  Gb  tolower.o [57]
totalImageSize          0x2000ae8c      0x4  Data  Lc  ota-client.o [32]
traceClkGet             0x000125f3     0x30  Code  Lc  em_cmu.o [17]
tracePhase              0x2000f7a4      0x1  Data  Lc  buffer-management.o [73]
transientKeyFinish      0x0002e0d9     0x38  Code  Lc  aps-keys-transient.o [73]
transportKeyFrameSizes  0x0002c578      0x8  Data  Lc  packet-validate.o [68]
tryNextMethod           0x000254a7     0x2c  Code  Lc  network-steering.o [28]
tryToJoinNetwork        0x00025277     0x8c  Code  Gb  network-steering.o [28]
tryTxCurrentPacket      0x0001e16b     0x5e  Code  Lc  lower-mac-rail-802.15.4.o [73]
txBuffer                0x00021d1d     0x42  Code  Lc  com.o [41]
txCallback              0x00021edd     0x46  Code  Lc  com.o [41]
txCatchUp               0x00021e77     0x66  Code  Lc  com.o [41]
txCompleteStatusPending
                        0x20009bde      0x1  Data  Lc  lower-mac-rail-802.15.4.o [73]
txCompleted             0x0001df17     0x1a  Code  Lc  lower-mac-rail-802.15.4.o [73]
txCurrentPacket         0x0001de73     0x96  Code  Lc  lower-mac-rail-802.15.4.o [73]
txFailedCallback        0x0001d5f1     0x72  Code  Lc  lower-mac-rail-802.15.4.o [73]
txSchedulerInfo         0x20009be0      0xc  Data  Lc  lower-mac-rail-802.15.4.o [73]
tx_complete_callback    0x00009c39     0x42  Code  Lc  scan.o [73]
typeSensitiveMemCopy    0x00004c91     0x76  Code  Lc  attribute-storage.o [46]
uart_recv_flag          0x20009ec6      0x1  Data  Lc  ikk-user.o [2]
uartdrvHandle           0x2000bb08     0x10  Data  Lc  uartdrv.o [16]
uartdrvHandleIsInitialized
                        0x2000ff89      0x1  Data  Lc  uartdrv.o [16]
uarthandledata          0x2000ad40     0x78  Data  Lc  com.o [41]
unicastHead             0x2000ffec      0x1  Data  Lc  unicast-table.o [73]
uninitializedIsr        0x00038791           Code  Gb  faults-v7m.o [14]
unsolicitedChannelReport
                        0x2000fbf2      0x1  Data  Lc  zdo-channel.o [73]
unusedOriginalChannelMaskCache
                        0x2000f8fc      0x4  Data  Lc  zigbee-scan.o [73]
unusedPanIdCache        0x2000f8ec      0x2  Data  Lc  zigbee-scan.o [73]
updateBuffer            0x00021ced     0x30  Code  Lc  com.o [41]
updateCurrentOffset     0x00022e2f     0x18  Code  Lc  ota-client.o [32]
updateDownloadFileVersion
                        0x00022e47      0x8  Code  Lc  ota-client.o [32]
updateEnrollState       0x0002592b     0x12  Code  Lc  ias-zone-server.o [24]
updateEvents            0x0001cf5d     0x54  Code  Lc  lower-mac-rail-802.15.4.o [73]
updateInterrupts        0x0002ef1b     0x94  Code  Lc  tempdrv.o [16]
updateTcLinkKeyState    0x2000ffe3      0x1  Data  Lc  aps-keys.o [73]
update_em1_requirement  0x00021af9     0x12  Code  Lc  sl_power_manager.o [21]
update_first_timer_delta
                        0x0000b9ff     0x24  Code  Lc  sl_sleeptimer.o [16]
upgradeEndResponseParse
                        0x00023877     0xbc  Code  Lc  ota-client.o [32]
useLegacyTimeoutMethod  0x2000ffe0      0x1  Data  Gb  child-handling.o [73]
usePageRequest          0x2000ff5e      0x1  Data  Lc  ota-client.o [32]
userData                0x2000f7bc      0x4  Data  Lc  buffer-management.o [73]
userDataCount           0x2000f7aa      0x2  Data  Lc  buffer-management.o [73]
vFillBuffer             0x0000c08d    0x170  Code  Lc  client-api.o [46]
validateObj             0x00013793     0x26  Code  Lc  nvm3.o [62]
validateObjFragments    0x0001356b    0x228  Code  Lc  nvm3.o [62]
waitStateMax            0x00012c29      0xe  Code  Lc  em_cmu.o [17]
waitingForResponse      0x2000ff5d      0x1  Data  Lc  ota-client.o [32]
wakeInfo                0x2000bb30      0x4  Data  Lc  sleep-efm32.o [14]
wakeup_time_config_overhead_tick
                        0x2000b650      0x4  Data  Gb  sl_power_manager.o [21]
walkDelayQueue          0x0001b569     0xd2  Code  Lc  retry.o [73]
walkStoreAndForwardQueue
                        0x0002ae55    0x112  Code  Lc  store-forward.o [73]
watchdogDisableInSleep  0x2000ff8b      0x1  Data  Lc  sleep-efm32.o [14]
wdog0ClkGet             0x00012c39     0x3c  Code  Lc  em_cmu.o [17]
wdog1ClkGet             0x00012625     0x40  Code  Lc  em_cmu.o [17]
wordSize                0x2000ff8e      0x1  Data  Lc  eeprom.o [13]
workBegin               0x00014495     0x16  Code  Lc  nvm3.o [62]
workEnd                 0x000144ab     0x14  Code  Lc  nvm3.o [62]
writeBurst              0x200094a5     0x52  Code  Gb  em_msc.o [17]
writeFullAllowed        0x00012de3     0x18  Code  Lc  nvm3.o [62]
writeIdentifyTime       0x00031067     0x18  Code  Lc  identify.o [25]
writeMessage            0x000209a7     0xaa  Code  Lc  legacy-packet-buffer.o [73]
writeObj                0x00012f83    0x2da  Code  Lc  nvm3.o [62]
xferCfg                 0x00039ac8     0x10  Data  Gb  dmadrv.o [16]
zclBufferAddBuffer      0x00031a09     0x1e  Code  Gb  zcl-cli.o [46]
zclBufferAddByte        0x000319e5     0x12  Code  Gb  zcl-cli.o [46]
zclBufferAddWord        0x000319f7     0x12  Code  Gb  zcl-cli.o [46]
zclBufferSetup          0x00031991     0x54  Code  Gb  zcl-cli.o [46]
zclCmdIsBuilt           0x2000ff4e      0x1  Data  Gb  zcl-cli.o [46]
zdoConfigurationModeEnabled
                        0x20009eec      0x1  Data  Gb  zigbee-device-util.o [73]
zigDevApsStruct         0x2000f8b8      0x4  Data  Lc  zigbee-device-util.o [73]
zigDevRequestRadius     0x20009ee2      0x1  Data  Gb  zigbee-device-common.o [1]
zigDevRequestSequence   0x2000ffd7      0x1  Data  Lc  zigbee-device-common.o [1]
zigDevRequestSequence   0x2000f8b4      0x1  Data  Lc  zigbee-device-util.o [73]
zigbeeMacFilterList     0x0003feea      0x2  Data  Gb  ember-configuration.o [1]
zllActiveScanCompleteHandler
                        0x00005853     0x16  Code  Lc  zigbee-scan.o [73]
zll_channel_stay        0x000056c7     0x2e  Code  Gb  zigbee-scan.o [73]
zll_scan_request_callback
                        0x000056f5     0xa8  Code  Lc  zigbee-scan.o [73]


[1] = D:\simplicity studio5\s5\KKHumanBody\IAR ARM - Default
[2] = D:\simplicity studio5\s5\KKHumanBody\IAR ARM - Default\00ikonke-app
[3] = D:\simplicity studio5\s5\KKHumanBody\IAR ARM - Default\00ikonke-app\driver
[4] = D:\simplicity studio5\s5\KKHumanBody\IAR ARM - Default\00ikonke-app\general
[5] = D:\simplicity studio5\s5\KKHumanBody\IAR ARM - Default\00ikonke-app\tools
[6] = D:\simplicity studio5\s5\KKHumanBody\IAR ARM - Default\address-table
[7] = D:\simplicity studio5\s5\KKHumanBody\IAR ARM - Default\antenna-stub
[8] = D:\simplicity studio5\s5\KKHumanBody\IAR ARM - Default\basic
[9] = D:\simplicity studio5\s5\KKHumanBody\IAR ARM - Default\ccm-encryption
[10] = D:\simplicity studio5\s5\KKHumanBody\IAR ARM - Default\coexistence-stub\EFR32
[11] = D:\simplicity studio5\s5\KKHumanBody\IAR ARM - Default\counters
[12] = D:\simplicity studio5\s5\KKHumanBody\IAR ARM - Default\diagnostic-server
[13] = D:\simplicity studio5\s5\KKHumanBody\IAR ARM - Default\eeprom
[14] = D:\simplicity studio5\s5\KKHumanBody\IAR ARM - Default\efr32
[15] = D:\simplicity studio5\s5\KKHumanBody\IAR ARM - Default\ember-minimal-printf
[16] = D:\simplicity studio5\s5\KKHumanBody\IAR ARM - Default\emdrv
[17] = D:\simplicity studio5\s5\KKHumanBody\IAR ARM - Default\emlib
[18] = D:\simplicity studio5\s5\KKHumanBody\IAR ARM - Default\external-generated-files
[19] = D:\simplicity studio5\s5\KKHumanBody\IAR ARM - Default\form-and-join
[20] = D:\simplicity studio5\s5\KKHumanBody\IAR ARM - Default\generic-interrupt-control\EFR32
[21] = D:\simplicity studio5\s5\KKHumanBody\IAR ARM - Default\hal-library\EFR32
[22] = D:\simplicity studio5\s5\KKHumanBody\IAR ARM - Default\hal-library\EFR32_2
[23] = D:\simplicity studio5\s5\KKHumanBody\IAR ARM - Default\heartbeat
[24] = D:\simplicity studio5\s5\KKHumanBody\IAR ARM - Default\ias-zone-server
[25] = D:\simplicity studio5\s5\KKHumanBody\IAR ARM - Default\identify
[26] = D:\simplicity studio5\s5\KKHumanBody\IAR ARM - Default\idle-sleep
[27] = D:\simplicity studio5\s5\KKHumanBody\IAR ARM - Default\mbedtls\EFR32
[28] = D:\simplicity studio5\s5\KKHumanBody\IAR ARM - Default\network-steering
[29] = D:\simplicity studio5\s5\KKHumanBody\IAR ARM - Default\nvm3
[30] = D:\simplicity studio5\s5\KKHumanBody\IAR ARM - Default\nvm3\EFR32
[31] = D:\simplicity studio5\s5\KKHumanBody\IAR ARM - Default\ota-bootload
[32] = D:\simplicity studio5\s5\KKHumanBody\IAR ARM - Default\ota-client
[33] = D:\simplicity studio5\s5\KKHumanBody\IAR ARM - Default\ota-client-policy
[34] = D:\simplicity studio5\s5\KKHumanBody\IAR ARM - Default\ota-common
[35] = D:\simplicity studio5\s5\KKHumanBody\IAR ARM - Default\ota-storage-common
[36] = D:\simplicity studio5\s5\KKHumanBody\IAR ARM - Default\ota-storage-simple
[37] = D:\simplicity studio5\s5\KKHumanBody\IAR ARM - Default\ota-storage-simple-eeprom
[38] = D:\simplicity studio5\s5\KKHumanBody\IAR ARM - Default\packet-handoff
[39] = D:\simplicity studio5\s5\KKHumanBody\IAR ARM - Default\reporting
[40] = D:\simplicity studio5\s5\KKHumanBody\IAR ARM - Default\scan-dispatch
[41] = D:\simplicity studio5\s5\KKHumanBody\IAR ARM - Default\serial
[42] = D:\simplicity studio5\s5\KKHumanBody\IAR ARM - Default\serial\EFR32
[43] = D:\simplicity studio5\s5\KKHumanBody\IAR ARM - Default\simple-main
[44] = D:\simplicity studio5\s5\KKHumanBody\IAR ARM - Default\strong-random
[45] = D:\simplicity studio5\s5\KKHumanBody\IAR ARM - Default\update-tc-link-key
[46] = D:\simplicity studio5\s5\KKHumanBody\IAR ARM - Default\zcl-framework-core
[47] = command line
[48] = binding-table-library.a
[49] = cbke-163k1-stub-library.a
[50] = cbke-283k1-stub-library.a
[51] = cbke-library-dsa-sign-stub.a
[52] = cbke-library-dsa-verify-283k1-stub.a
[53] = cbke-library-dsa-verify-stub.a
[54] = cbke-stub-library.a
[55] = debug-basic-stub-library.a
[56] = debug-extended-stub-library.a
[57] = dl7M_tln.a
[58] = end-device-bind-stub-library.a
[59] = gp-stub-library.a
[60] = hal-library.a
[61] = install-code-library.a
[62] = libnvm3_CM33_iar.a
[63] = librail_efr32xg21_iar_release.a
[64] = m7M_tls.a
[65] = mfglib-library.a
[66] = multi-network-stub-library.a
[67] = multi-pan-stub-library.a
[68] = packet-validate-library.a
[69] = rt7M_tl.a
[70] = security-library-link-keys-stub.a
[71] = sim-eeprom2-to-nvm3-upgrade-stub-library.a
[72] = source-route-stub-library.a
[73] = zigbee-pro-stack.a
[74] = zigbee-r22-support-stub-library.a
[75] = zll-stub-library.a

  214 178 bytes of readonly  code memory
      324 bytes of readwrite code memory
   32 247 bytes of readonly  data memory
  474 294 bytes of readwrite data memory

Errors: none
Warnings: 1
